 hdlcoder_medianimagefilter_sfun

 Timestamp is 5cdffe7f (Sat May 18 17:45:51 2019)

 Preferred load address is 0000000180000000

 Start         Length     Name                   Class
 0001:00000000 00011d10H .text$mn                CODE
 0001:00011d10 00000012H .text$mn$00             CODE
 0001:00011d22 00000081H .text$x                 CODE
 0002:00000000 00000508H .idata$5                DATA
 0002:00000508 00000010H .00cfg                  DATA
 0002:00000518 00000008H .CRT$XCA                DATA
 0002:00000520 00000008H .CRT$XCZ                DATA
 0002:00000528 00000008H .CRT$XIA                DATA
 0002:00000530 00000008H .CRT$XIZ                DATA
 0002:00000538 00000008H .CRT$XPA                DATA
 0002:00000540 00000008H .CRT$XPZ                DATA
 0002:00000548 00000008H .CRT$XTA                DATA
 0002:00000550 00000010H .CRT$XTZ                DATA
 0002:00000560 000001f4H .rdata                  DATA
 0002:00000754 0000022cH .rdata$zzzdbg           DATA
 0002:00000980 00000008H .rtc$IAA                DATA
 0002:00000988 00000008H .rtc$IZZ                DATA
 0002:00000990 00000008H .rtc$TAA                DATA
 0002:00000998 00000008H .rtc$TZZ                DATA
 0002:000009a0 00000950H .xdata                  DATA
 0002:000012f0 0000008cH .edata                  DATA
 0002:0000137c 00000118H .idata$2                DATA
 0002:00001494 00000014H .idata$3                DATA
 0002:000014a8 00000508H .idata$4                DATA
 0002:000019b0 00000f24H .idata$6                DATA
 0003:00000000 00004aa0H .data                   DATA
 0003:00004aa0 00000630H .bss                    DATA
 0004:00000000 00000af8H .pdata                  DATA
 0005:00000000 00000018H .gfids$y                DATA

  Address         Publics by Value              Rva+Base               Lib:Object

 0000:00000000       __guard_fids_count         0000000000000000     <absolute>
 0000:00000000       __guard_longjmp_table      0000000000000000     <absolute>
 0000:00000000       __guard_iat_count          0000000000000000     <absolute>
 0000:00000000       __guard_longjmp_count      0000000000000000     <absolute>
 0000:00000000       ___safe_se_handler_count   0000000000000000     <absolute>
 0000:00000000       __guard_iat_table          0000000000000000     <absolute>
 0000:00000000       ___safe_se_handler_table   0000000000000000     <absolute>
 0000:00000000       __dynamic_value_reloc_table 0000000000000000     <absolute>
 0000:00000000       __guard_fids_table         0000000000000000     <absolute>
 0000:00000100       __guard_flags              0000000000000100     <absolute>
 0000:00000000       __ImageBase                0000000180000000     <linker-defined>
 0001:00000000       hdlcoder_medianimagefilter_initializer 0000000180001000 f   hdlcoder_medianimagefilter_sfun.obj
 0001:00000010       hdlcoder_medianimagefilter_terminator 0000000180001010 f   hdlcoder_medianimagefilter_sfun.obj
 0001:00000020       load_hdlcoder_medianimagefilter_optimization_info 0000000180001020 f   hdlcoder_medianimagefilter_sfun.obj
 0001:000000d0       unload_hdlcoder_medianimagefilter_optimization_info 00000001800010d0 f   hdlcoder_medianimagefilter_sfun.obj
 0001:00000100       sf_hdlcoder_medianimagefilter_method_dispatcher 0000000180001100 f   hdlcoder_medianimagefilter_sfun.obj
 0001:00000150       sf_hdlcoder_medianimagefilter_process_check_sum_call 0000000180001150 f   hdlcoder_medianimagefilter_sfun.obj
 0001:00000640       sf_hdlcoder_medianimagefilter_autoinheritance_info 0000000180001640 f   hdlcoder_medianimagefilter_sfun.obj
 0001:00000820       sf_hdlcoder_medianimagefilter_get_eml_resolved_functions_info 0000000180001820 f   hdlcoder_medianimagefilter_sfun.obj
 0001:00000a00       sf_hdlcoder_medianimagefilter_third_party_uses_info 0000000180001a00 f   hdlcoder_medianimagefilter_sfun.obj
 0001:00000bd0       sf_hdlcoder_medianimagefilter_jit_fallback_info 0000000180001bd0 f   hdlcoder_medianimagefilter_sfun.obj
 0001:00000da0       sf_hdlcoder_medianimagefilter_updateBuildInfo_args_info 0000000180001da0 f   hdlcoder_medianimagefilter_sfun.obj
 0001:00000f70       hdlcoder_medianimagefilter_debug_initialize 0000000180001f70 f   hdlcoder_medianimagefilter_sfun.obj
 0001:00000ff0       hdlcoder_medianimagefilter_register_exported_symbols 0000000180001ff0 f   hdlcoder_medianimagefilter_sfun.obj
 0001:00001000       sf_c2_hdlcoder_medianimagefilter_get_eml_resolved_functions_info 0000000180002000 f   c2_hdlcoder_medianimagefilter.obj
 0001:00001080       sf_c2_hdlcoder_medianimagefilter_get_check_sum 0000000180002080 f   c2_hdlcoder_medianimagefilter.obj
 0001:00001150       c2_hdlcoder_medianimagefilter_method_dispatcher 0000000180002150 f   c2_hdlcoder_medianimagefilter.obj
 0001:00005bc0       sf_c2_hdlcoder_medianimagefilter_get_post_codegen_info 0000000180006bc0 f   c2_hdlcoder_medianimagefilter.obj
 0001:00005c90       sf_c2_hdlcoder_medianimagefilter_get_autoinheritance_info 0000000180006c90 f   c2_hdlcoder_medianimagefilter.obj
 0001:000062a0       sf_c2_hdlcoder_medianimagefilter_third_party_uses_info 00000001800072a0 f   c2_hdlcoder_medianimagefilter.obj
 0001:00006310       sf_c2_hdlcoder_medianimagefilter_jit_fallback_info 0000000180007310 f   c2_hdlcoder_medianimagefilter.obj
 0001:000064a0       sf_c2_hdlcoder_medianimagefilter_updateBuildInfo_args_info 00000001800074a0 f   c2_hdlcoder_medianimagefilter.obj
 0001:000071d0       mexFunction                00000001800081d0 f   hdlcoder_medianimagefilter_sfun_registry.obj
 0001:00009790       _ssSetInputPortDirectFeedThroughFcn 000000018000a790 f   hdlcoder_medianimagefilter_sfun_registry.obj
 0001:00009900       _ssSetRWorkValueFcn        000000018000a900 f   hdlcoder_medianimagefilter_sfun_registry.obj
 0001:00009980       _ssGetRWorkValueFcn        000000018000a980 f   hdlcoder_medianimagefilter_sfun_registry.obj
 0001:000099f0       _ssSetIWorkValueFcn        000000018000a9f0 f   hdlcoder_medianimagefilter_sfun_registry.obj
 0001:00009a70       _ssGetIWorkValueFcn        000000018000aa70 f   hdlcoder_medianimagefilter_sfun_registry.obj
 0001:00009ae0       _ssSetPWorkValueFcn        000000018000aae0 f   hdlcoder_medianimagefilter_sfun_registry.obj
 0001:00009b60       _ssGetPWorkValueFcn        000000018000ab60 f   hdlcoder_medianimagefilter_sfun_registry.obj
 0001:00009bd0       _ssGetInputPortSignalFcn   000000018000abd0 f   hdlcoder_medianimagefilter_sfun_registry.obj
 0001:00009f60       _ssGetInputPortBufferDstPortFcn 000000018000af60 f   hdlcoder_medianimagefilter_sfun_registry.obj
 0001:00009fe0       _ssGetInputPortSignalPtrsFcn 000000018000afe0 f   hdlcoder_medianimagefilter_sfun_registry.obj
 0001:0000a370       ssGetParameterTuningCompliance 000000018000b370 f   hdlcoder_medianimagefilter_sfun_registry.obj
 0001:0000a3e0       ssGetDTypeIdFromMxArray    000000018000b3e0 f   hdlcoder_medianimagefilter_sfun_registry.obj
 0001:0000a500       ssWriteRTWMx2dMatParam     000000018000b500 f   hdlcoder_medianimagefilter_sfun_registry.obj
 0001:0000a590       ssWriteRTWMxVectParam      000000018000b590 f   hdlcoder_medianimagefilter_sfun_registry.obj
 0001:0000a610       ssWriteRTWParameters       000000018000b610 f   hdlcoder_medianimagefilter_sfun_registry.obj
 0001:0000abd0       ssWriteRTWParamSettings    000000018000bbd0 f   hdlcoder_medianimagefilter_sfun_registry.obj
 0001:0000b2c0       ssWriteRTWStr              000000018000c2c0 f   hdlcoder_medianimagefilter_sfun_registry.obj
 0001:0000b320       ssWriteRTWWorkVect         000000018000c320 f   hdlcoder_medianimagefilter_sfun_registry.obj
 0001:0000b880       ssWarning                  000000018000c880 f   hdlcoder_medianimagefilter_sfun_registry.obj
 0001:0000b970       _ssSetInputPortReusableFcn 000000018000c970 f   hdlcoder_medianimagefilter_sfun_registry.obj
 0001:0000ba70       _ssSetOutputPortReusableFcn 000000018000ca70 f   hdlcoder_medianimagefilter_sfun_registry.obj
 0001:0000bb70       _ssSetSymbolicDimsSupport  000000018000cb70 f   hdlcoder_medianimagefilter_sfun_registry.obj
 0001:0000bbe0       _ssRegisterSymbolicDimsExpr 000000018000cbe0 f   hdlcoder_medianimagefilter_sfun_registry.obj
 0001:0000bc60       _ssRegisterSymbolicDims    000000018000cc60 f   hdlcoder_medianimagefilter_sfun_registry.obj
 0001:0000bd00       _ssRegisterSymbolicDimsString 000000018000cd00 f   hdlcoder_medianimagefilter_sfun_registry.obj
 0001:0000bd80       _ssRegisterSymbolicDimsIntValue 000000018000cd80 f   hdlcoder_medianimagefilter_sfun_registry.obj
 0001:0000bdf0       _ssRegisterSymbolicDimsPlus 000000018000cdf0 f   hdlcoder_medianimagefilter_sfun_registry.obj
 0001:0000be70       _ssRegisterSymbolicDimsMinus 000000018000ce70 f   hdlcoder_medianimagefilter_sfun_registry.obj
 0001:0000bef0       _ssRegisterSymbolicDimsMultiply 000000018000cef0 f   hdlcoder_medianimagefilter_sfun_registry.obj
 0001:0000bf70       _ssRegisterSymbolicDimsDivide 000000018000cf70 f   hdlcoder_medianimagefilter_sfun_registry.obj
 0001:0000bff0       _ssGetNumSymbolicDims      000000018000cff0 f   hdlcoder_medianimagefilter_sfun_registry.obj
 0001:0000c060       _ssGetSymbolicDim          000000018000d060 f   hdlcoder_medianimagefilter_sfun_registry.obj
 0001:0000c0e0       _ssSetInputPortSymbolicDimsId 000000018000d0e0 f   hdlcoder_medianimagefilter_sfun_registry.obj
 0001:0000c150       _ssGetCompInputPortSymbolicDimsId 000000018000d150 f   hdlcoder_medianimagefilter_sfun_registry.obj
 0001:0000c1c0       _ssSetCompInputPortSymbolicDimsId 000000018000d1c0 f   hdlcoder_medianimagefilter_sfun_registry.obj
 0001:0000c230       _ssSetOutputPortSymbolicDimsId 000000018000d230 f   hdlcoder_medianimagefilter_sfun_registry.obj
 0001:0000c2a0       _ssGetCompOutputPortSymbolicDimsId 000000018000d2a0 f   hdlcoder_medianimagefilter_sfun_registry.obj
 0001:0000c310       _ssSetCompOutputPortSymbolicDimsId 000000018000d310 f   hdlcoder_medianimagefilter_sfun_registry.obj
 0001:0000c380       _ssSetCompDWorkSymbolicDimsId 000000018000d380 f   hdlcoder_medianimagefilter_sfun_registry.obj
 0001:0000c3f0       ssGetIsZeroCrossControlDisabled 000000018000d3f0 f   hdlcoder_medianimagefilter_sfun_registry.obj
 0001:0000c460       ssSetIsInputPortUsedForContZcSignal 000000018000d460 f   hdlcoder_medianimagefilter_sfun_registry.obj
 0001:0000c4d0       ssSetZcSignalIsZcElementDisc 000000018000d4d0 f   hdlcoder_medianimagefilter_sfun_registry.obj
 0001:0000c580       ssSetZcSignalName          000000018000d580 f   hdlcoder_medianimagefilter_sfun_registry.obj
 0001:0000c5f0       ssSetZcSignalWidth         000000018000d5f0 f   hdlcoder_medianimagefilter_sfun_registry.obj
 0001:0000c660       ssSetZcSignalZcEventType   000000018000d660 f   hdlcoder_medianimagefilter_sfun_registry.obj
 0001:0000c6d0       ssSetZcSignalType          000000018000d6d0 f   hdlcoder_medianimagefilter_sfun_registry.obj
 0001:0000c740       ssSetZcSignalZcTol         000000018000d740 f   hdlcoder_medianimagefilter_sfun_registry.obj
 0001:0000c7b0       ssSetZcSignalNeedsEventNotification 000000018000d7b0 f   hdlcoder_medianimagefilter_sfun_registry.obj
 0001:0000c820       ssCreateAndAddZcSignalInfo 000000018000d820 f   hdlcoder_medianimagefilter_sfun_registry.obj
 0001:0000c890       ssCloneAndAddZcSignalInfo  000000018000d890 f   hdlcoder_medianimagefilter_sfun_registry.obj
 0001:0000c900       ssGetNumZcSignals          000000018000d900 f   hdlcoder_medianimagefilter_sfun_registry.obj
 0001:0000c970       ssGetZcSignalVector        000000018000d970 f   hdlcoder_medianimagefilter_sfun_registry.obj
 0001:0000c9e0       ssGetZcSignalName          000000018000d9e0 f   hdlcoder_medianimagefilter_sfun_registry.obj
 0001:0000ca50       ssGetZcSignalWidth         000000018000da50 f   hdlcoder_medianimagefilter_sfun_registry.obj
 0001:0000cac0       ssGetZcSignalZcEventType   000000018000dac0 f   hdlcoder_medianimagefilter_sfun_registry.obj
 0001:0000cb30       ssGetZcSignalZcEvents      000000018000db30 f   hdlcoder_medianimagefilter_sfun_registry.obj
 0001:0000cba0       ssGetZcSignalType          000000018000dba0 f   hdlcoder_medianimagefilter_sfun_registry.obj
 0001:0000cc10       ssGetZcSignalZcTol         000000018000dc10 f   hdlcoder_medianimagefilter_sfun_registry.obj
 0001:0000cc90       ssGetZcSignalNeedsEventNotification 000000018000dc90 f   hdlcoder_medianimagefilter_sfun_registry.obj
 0001:0000cd00       ssGetZcSignalIsZcElementDisc 000000018000dd00 f   hdlcoder_medianimagefilter_sfun_registry.obj
 0001:0000cda0       ssGetIsInputPortElementContinuous 000000018000dda0 f   hdlcoder_medianimagefilter_sfun_registry.obj
 0001:0000ce40       ssWriteRTWNameValuePair    000000018000de40 f   hdlcoder_medianimagefilter_sfun_registry.obj
 0001:0000d340       _ssSetInputPortMatrixDimensions 000000018000e340 f   hdlcoder_medianimagefilter_sfun_registry.obj
 0001:0000d460       _ssSetOutputPortMatrixDimensions 000000018000e460 f   hdlcoder_medianimagefilter_sfun_registry.obj
 0001:0000d580       _ssSetInputPortVectorDimension 000000018000e580 f   hdlcoder_medianimagefilter_sfun_registry.obj
 0001:0000d630       _ssSetOutputPortVectorDimension 000000018000e630 f   hdlcoder_medianimagefilter_sfun_registry.obj
 0001:0000d6e0       ssIsRunTimeParamTunable    000000018000e6e0 f   hdlcoder_medianimagefilter_sfun_registry.obj
 0001:0000d750       ssGetSFuncBlockHandle      000000018000e750 f   hdlcoder_medianimagefilter_sfun_registry.obj
 0001:0000d7c0       _ssGetCurrentInputPortWidth 000000018000e7c0 f   hdlcoder_medianimagefilter_sfun_registry.obj
 0001:0000d8e0       _ssGetCurrentOutputPortWidth 000000018000e8e0 f   hdlcoder_medianimagefilter_sfun_registry.obj
 0001:0000da00       _ssGetCallSystemNumFcnCallDestinations 000000018000ea00 f   hdlcoder_medianimagefilter_sfun_registry.obj
 0001:0000da70       _ssGetAbsTol               000000018000ea70 f   hdlcoder_medianimagefilter_sfun_registry.obj
 0001:0000dae0       _ssSetStateAbsTol          000000018000eae0 f   hdlcoder_medianimagefilter_sfun_registry.obj
 0001:0000dbc0       sf_process_check_sum_call  000000018000ebc0 f   hdlcoder_medianimagefilter_sfun_registry.obj
 0001:0000dc10       sf_process_autoinheritance_call 000000018000ec10 f   hdlcoder_medianimagefilter_sfun_registry.obj
 0001:0000de40       sf_process_get_third_party_uses_info_call 000000018000ee40 f   hdlcoder_medianimagefilter_sfun_registry.obj
 0001:0000e070       sf_process_get_jit_fallback_info_call 000000018000f070 f   hdlcoder_medianimagefilter_sfun_registry.obj
 0001:0000e2a0       sf_process_get_updateBuildInfo_args_info_call 000000018000f2a0 f   hdlcoder_medianimagefilter_sfun_registry.obj
 0001:0000e4d0       sf_process_get_eml_resolved_functions_info_call 000000018000f4d0 f   hdlcoder_medianimagefilter_sfun_registry.obj
 0001:0000e700       sf_mex_unlock_call         000000018000f700 f   hdlcoder_medianimagefilter_sfun_registry.obj
 0001:0000e9a0       sf_machine_global_initializer_called 000000018000f9a0 f   hdlcoder_medianimagefilter_sfun_registry.obj
 0001:0000e9d0       sf_machine_global_method_dispatcher 000000018000f9d0 f   hdlcoder_medianimagefilter_sfun_registry.obj
 0001:0000ea30       sf_machine_global_terminator 000000018000fa30 f   hdlcoder_medianimagefilter_sfun_registry.obj
 0001:0000ea80       sf_register_machine_exported_symbols 000000018000fa80 f   hdlcoder_medianimagefilter_sfun_registry.obj
 0001:0000eaa0       callCustomFcn              000000018000faa0 f   hdlcoder_medianimagefilter_sfun_registry.obj
 0001:0000eab0       sf_machine_global_initializer 000000018000fab0 f   hdlcoder_medianimagefilter_sfun_registry.obj
 0001:0000eb30       mdlGetSimState             000000018000fb30 f   hdlcoder_medianimagefilter_sfun_registry.obj
 0001:0000eb70       mdlSetSimState             000000018000fb70 f   hdlcoder_medianimagefilter_sfun_registry.obj
 0001:0000f3e0       ProcessMexSfunctionEveryCall 00000001800103e0 f   hdlcoder_medianimagefilter_sfun_registry.obj
 0001:000104f0       __local_stdio_printf_options 00000001800114f0 f i hdlcoder_medianimagefilter_sfun_registry.obj
 0001:00010500       _vsnprintf_l               0000000180011500 f i hdlcoder_medianimagefilter_sfun_registry.obj
 0001:00010580       _vsprintf_l                0000000180011580 f i hdlcoder_medianimagefilter_sfun_registry.obj
 0001:000105d0       sprintf                    00000001800115d0 f i hdlcoder_medianimagefilter_sfun_registry.obj
 0001:00010620       mexfilerequiredapiversion  0000000180011620 f   c_mexapi_version.obj
 0001:00010642       ippfilter_uint8            0000000180011642 f   libmwippfilter:libmwippfilter.dll
 0001:00010648       imfilter_uint8             0000000180011648 f   libmwimfilter:libmwimfilter.dll
 0001:0001064e       sf_load_rtw_optimization_info 000000018001164e f   sf_runtime:sf_runtime.dll
 0001:00010654       sf_debug_initialize_machine 0000000180011654 f   sf_runtime:sf_runtime.dll
 0001:0001065a       sf_debug_set_machine_event_thresholds 000000018001165a f   sf_runtime:sf_runtime.dll
 0001:00010660       sf_debug_set_machine_data_thresholds 0000000180011660 f   sf_runtime:sf_runtime.dll
 0001:00010666       sf_init_ChartRunTimeInfo   0000000180011666 f   sf_runtime:sf_runtime.dll
 0001:0001066c       sf_free_ChartRunTimeInfo   000000018001166c f   sf_runtime:sf_runtime.dll
 0001:00010672       sfrtGetEmlrtCtx            0000000180011672 f   sf_runtime:sf_runtime.dll
 0001:00010678       sf_get_chart_instance_ptr  0000000180011678 f   sf_runtime:sf_runtime.dll
 0001:0001067e       sf_rtw_info_uint_prop      000000018001167e f   sf_runtime:sf_runtime.dll
 0001:00010684       sf_update_buildInfo        0000000180011684 f   sf_runtime:sf_runtime.dll
 0001:0001068a       sf_is_chart_inlinable      000000018001168a f   sf_runtime:sf_runtime.dll
 0001:00010690       sf_mark_chart_reusable_outputs 0000000180011690 f   sf_runtime:sf_runtime.dll
 0001:00010696       sf_mark_chart_expressionable_inputs 0000000180011696 f   sf_runtime:sf_runtime.dll
 0001:0001069c       sim_mode_is_rtw_gen        000000018001169c f   sf_runtime:sf_runtime.dll
 0001:000106a2       sim_mode_is_external       00000001800116a2 f   sf_runtime:sf_runtime.dll
 0001:000106a8       sim_mode_is_modelref_sim   00000001800116a8 f   sf_runtime:sf_runtime.dll
 0001:000106ae       sf_clear_rtw_identifier    00000001800116ae f   sf_runtime:sf_runtime.dll
 0001:000106b4       sf_set_rtw_dwork_info      00000001800116b4 f   sf_runtime:sf_runtime.dll
 0001:000106ba       sf_get_time                00000001800116ba f   sf_runtime:sf_runtime.dll
 0001:000106c0       sf_is_first_init_cond      00000001800116c0 f   sf_runtime:sf_runtime.dll
 0001:000106c6       sf_set_chart_accesses_machine_info 00000001800116c6 f   sf_runtime:sf_runtime.dll
 0001:000106cc       sf_register_codegen_names_for_scoped_functions_defined_by_chart 00000001800116cc f   sf_runtime:sf_runtime.dll
 0001:000106d2       ssSetBlockIsPurelyCombinatorial_wrapper 00000001800116d2 f   sf_runtime:sf_runtime.dll
 0001:000106d8       sf_mex_call_debug          00000001800116d8 f   sf_runtime:sf_runtime.dll
 0001:000106de       sf_mex_error_message       00000001800116de f   sf_runtime:sf_runtime.dll
 0001:000106e4       sf_mex_create              00000001800116e4 f   sf_runtime:sf_runtime.dll
 0001:000106ea       sf_mex_createcellmatrix    00000001800116ea f   sf_runtime:sf_runtime.dll
 0001:000106f0       sf_mex_setcell             00000001800116f0 f   sf_runtime:sf_runtime.dll
 0001:000106f6       sf_mex_getcell             00000001800116f6 f   sf_runtime:sf_runtime.dll
 0001:000106fc       sf_mex_assign              00000001800116fc f   sf_runtime:sf_runtime.dll
 0001:00010702       sf_mex_dup                 0000000180011702 f   sf_runtime:sf_runtime.dll
 0001:00010708       sf_mex_destroy             0000000180011708 f   sf_runtime:sf_runtime.dll
 0001:0001070e       sf_mex_import              000000018001170e f   sf_runtime:sf_runtime.dll
 0001:00010714       sf_mex_decode_encoded_mx_struct_array 0000000180011714 f   sf_runtime:sf_runtime.dll
 0001:0001071a       ssGetInputPortSignal_wrapper 000000018001171a f   sf_runtime:sf_runtime.dll
 0001:00010720       ssGetOutputPortSignal_wrapper 0000000180011720 f   sf_runtime:sf_runtime.dll
 0001:00010726       sf_eml_array_bounds_check  0000000180011726 f   sf_runtime:sf_runtime.dll
 0001:0001072c       sf_integer_check           000000018001172c f   sf_runtime:sf_runtime.dll
 0001:00010732       sf_debug_initialize_chart  0000000180011732 f   sf_runtime:sf_runtime.dll
 0001:00010738       sf_debug_call              0000000180011738 f   sf_runtime:sf_runtime.dll
 0001:0001073e       eml_debug_line_call        000000018001173e f   sf_runtime:sf_runtime.dll
 0001:00010744       cv_eml_eval                0000000180011744 f   sf_runtime:sf_runtime.dll
 0001:0001074a       cv_eml_init_script         000000018001174a f   sf_runtime:sf_runtime.dll
 0001:00010750       cv_eml_init_fcn            0000000180011750 f   sf_runtime:sf_runtime.dll
 0001:00010756       sf_debug_reset_current_state_configuration 0000000180011756 f   sf_runtime:sf_runtime.dll
 0001:0001075c       sf_debug_set_chart_data_props 000000018001175c f   sf_runtime:sf_runtime.dll
 0001:00010762       sf_debug_set_chart_data_compiled_props 0000000180011762 f   sf_runtime:sf_runtime.dll
 0001:00010768       sf_debug_symbol_scope_push 0000000180011768 f   sf_runtime:sf_runtime.dll
 0001:0001076e       sf_debug_symbol_scope_push_eml 000000018001176e f   sf_runtime:sf_runtime.dll
 0001:00010774       sf_debug_symbol_scope_pop  0000000180011774 f   sf_runtime:sf_runtime.dll
 0001:0001077a       sf_debug_symbol_scope_add_eml 000000018001177a f   sf_runtime:sf_runtime.dll
 0001:00010780       sf_debug_symbol_scope_add_eml_importable 0000000180011780 f   sf_runtime:sf_runtime.dll
 0001:00010786       sf_debug_set_instance_data_value_ptr 0000000180011786 f   sf_runtime:sf_runtime.dll
 0001:0001078c       sf_debug_set_chart_disable_implicit_casting 000000018001178c f   sf_runtime:sf_runtime.dll
 0001:00010792       sf_debug_set_chart_event_thresholds 0000000180011792 f   sf_runtime:sf_runtime.dll
 0001:00010798       sf_debug_set_chart_state_info 0000000180011798 f   sf_runtime:sf_runtime.dll
 0001:0001079e       sf_debug_set_chart_decomposition 000000018001179e f   sf_runtime:sf_runtime.dll
 0001:000107a4       sf_debug_set_chart_substate_count 00000001800117a4 f   sf_runtime:sf_runtime.dll
 0001:000107aa       sf_debug_data_range_wrapper 00000001800117aa f   sf_runtime:sf_runtime.dll
 0001:000107b0       sf_debug_cv_init_trans     00000001800117b0 f   sf_runtime:sf_runtime.dll
 0001:000107b6       sf_debug_cv_init_chart     00000001800117b6 f   sf_runtime:sf_runtime.dll
 0001:000107bc       sf_debug_cv_init_state     00000001800117bc f   sf_runtime:sf_runtime.dll
 0001:000107c2       sf_get_ChartInfoStruct_CodeGen 00000001800117c2 f   sf_runtime:sf_runtime.dll
 0001:000107c8       sf_get_hasSeparateUpdateOutputs 00000001800117c8 f   sf_runtime:sf_runtime.dll
 0001:000107ce       callMdlMethodAndReportError 00000001800117ce f   sf_runtime:sf_runtime.dll
 0001:000107d4       call_sf_machine_global_method_dispatcher 00000001800117d4 f   sf_runtime:sf_runtime.dll
 0001:000107da       getRuntimeInstanceInfoAsVoid 00000001800117da f   sf_runtime:sf_runtime.dll
 0001:000107e0       sf_mex_error_direct_call   00000001800117e0 f   sf_runtime:sf_runtime.dll
 0001:000107e6       sf_clear_error_manager_info 00000001800117e6 f   sf_runtime:sf_runtime.dll
 0001:000107ec       sf_debug_create_debug_instance_struct 00000001800117ec f   sf_runtime:sf_runtime.dll
 0001:000107f2       sf_debug_terminate         00000001800117f2 f   sf_runtime:sf_runtime.dll
 0001:000107f8       sf_debug_api               00000001800117f8 f   sf_runtime:sf_runtime.dll
 0001:000107fe       mxIsChar_800               00000001800117fe f   libmx:libmx.dll
 0001:00010804       mxGetScalar_800            0000000180011804 f   libmx:libmx.dll
 0001:0001080a       mxGetPr_800                000000018001180a f   libmx:libmx.dll
 0001:00010810       mxDestroyArray_800         0000000180011810 f   libmx:libmx.dll
 0001:00010816       mxCreateDoubleMatrix_800   0000000180011816 f   libmx:libmx.dll
 0001:0001081c       mxGetString_800            000000018001181c f   libmx:libmx.dll
 0001:00010822       mxDuplicateArray_800       0000000180011822 f   libmx:libmx.dll
 0001:00010828       mxSetCell_800              0000000180011828 f   libmx:libmx.dll
 0001:0001082e       mxSetField_800             000000018001182e f   libmx:libmx.dll
 0001:00010834       mxCreateDoubleScalar_800   0000000180011834 f   libmx:libmx.dll
 0001:0001083a       mxCreateString_800         000000018001183a f   libmx:libmx.dll
 0001:00010840       mxCreateCellMatrix_800     0000000180011840 f   libmx:libmx.dll
 0001:00010846       mxCreateCellArray_800      0000000180011846 f   libmx:libmx.dll
 0001:0001084c       mxCreateStructMatrix_800   000000018001184c f   libmx:libmx.dll
 0001:00010852       mxCreateStructArray_800    0000000180011852 f   libmx:libmx.dll
 0001:00010858       mxGetNaN_800               0000000180011858 f   libmx:libmx.dll
 0001:0001085e       mxCalloc_800               000000018001185e f   libmx:libmx.dll
 0001:00010864       mxGetM_800                 0000000180011864 f   libmx:libmx.dll
 0001:0001086a       mxGetClassID_800           000000018001186a f   libmx:libmx.dll
 0001:00010870       mxIsNumeric_800            0000000180011870 f   libmx:libmx.dll
 0001:00010876       mxIsComplex_800            0000000180011876 f   libmx:libmx.dll
 0001:0001087c       mxGetN_800                 000000018001187c f   libmx:libmx.dll
 0001:00010882       mexMakeArrayPersistent_800 0000000180011882 f   libmex:libmex.dll
 0001:00010888       mexErrMsgTxt_800           0000000180011888 f   libmex:libmex.dll
 0001:0001088e       mexWarnMsgTxt_800          000000018001188e f   libmex:libmex.dll
 0001:00010894       mexCallMATLAB_800          0000000180011894 f   libmex:libmex.dll
 0001:0001089a       mexLock_800                000000018001189a f   libmex:libmex.dll
 0001:000108a0       mexUnlock_800              00000001800118a0 f   libmex:libmex.dll
 0001:000108a6       mexIsLocked_800            00000001800118a6 f   libmex:libmex.dll
 0001:000108ac       utMalloc                   00000001800118ac f   libut:libut.dll
 0001:000108b2       utFree                     00000001800118b2 f   libut:libut.dll
 0001:000108b8       muDoubleScalarRem          00000001800118b8 f   libmwmathutil:libmwmathutil.dll
 0001:000108be       muDoubleScalarIsNaN        00000001800118be f   libmwmathutil:libmwmathutil.dll
 0001:000108c4       muDoubleScalarIsInf        00000001800118c4 f   libmwmathutil:libmwmathutil.dll
 0001:000108ca       emlrtLicenseCheckR2012b    00000001800118ca f   libemlrt:libemlrt.dll
 0001:000108d0       __raise_securityfailure    00000001800118d0 f   MSVCRT:gs_report.obj
 0001:00010904       __report_gsfailure         0000000180011904 f   MSVCRT:gs_report.obj
 0001:000109d8       __report_rangecheckfailure 00000001800119d8 f   MSVCRT:gs_report.obj
 0001:000109ec       __report_securityfailure   00000001800119ec f   MSVCRT:gs_report.obj
 0001:00010a88       __report_securityfailureEx 0000000180011a88 f   MSVCRT:gs_report.obj
 0001:00010c7c       __GSHandlerCheck           0000000180011c7c f   MSVCRT:_gshandler_.obj
 0001:00010c9c       __GSHandlerCheckCommon     0000000180011c9c f   MSVCRT:_gshandler_.obj
 0001:00010d10       __security_check_cookie    0000000180011d10 f   MSVCRT:_amdsecgs_.obj
 0001:00010d50       _alloca_probe              0000000180011d50 f   MSVCRT:_chkstk_.obj
 0001:00010d50       __chkstk                   0000000180011d50 f   MSVCRT:_chkstk_.obj
 0001:000110f0       _CRT_INIT                  00000001800120f0 f   MSVCRT:dll_dllmain.obj
 0001:000110f8       _DllMainCRTStartup         00000001800120f8 f   MSVCRT:dll_dllmain.obj
 0001:00011138       ??$__crt_fast_decode_pointer@PEAP6AXXZ@@YAPEAP6AXXZQEAP6AXXZ@Z 0000000180012138 f i MSVCRT:utility.obj
 0001:00011150       ??$__crt_fast_encode_pointer@PEAP6AXXZ@@YAPEAP6AXXZQEAP6AXXZ@Z 0000000180012150 f i MSVCRT:utility.obj
 0001:00011170       ?__crt_rotate_pointer_value@@YA_K_KH@Z 0000000180012170 f i MSVCRT:utility.obj
 0001:0001117c       ?configure_argv@__scrt_narrow_argv_policy@@SAHXZ 000000018001217c f i MSVCRT:utility.obj
 0001:0001120c       NtCurrentTeb               000000018001220c f i MSVCRT:utility.obj
 0001:00011218       __scrt_acquire_startup_lock 0000000180012218 f   MSVCRT:utility.obj
 0001:00011254       __scrt_dllmain_after_initialize_c 0000000180012254 f   MSVCRT:utility.obj
 0001:00011288       __scrt_dllmain_before_initialize_c 0000000180012288 f   MSVCRT:utility.obj
 0001:000112a0       __scrt_dllmain_crt_thread_attach 00000001800122a0 f   MSVCRT:utility.obj
 0001:000112c8       __scrt_dllmain_crt_thread_detach 00000001800122c8 f   MSVCRT:utility.obj
 0001:000112e0       __scrt_dllmain_exception_filter 00000001800122e0 f   MSVCRT:utility.obj
 0001:00011344       __scrt_dllmain_uninitialize_c 0000000180012344 f   MSVCRT:utility.obj
 0001:00011374       __scrt_dllmain_uninitialize_critical 0000000180012374 f   MSVCRT:utility.obj
 0001:00011388       __scrt_initialize_crt      0000000180012388 f   MSVCRT:utility.obj
 0001:000113d4       __scrt_initialize_onexit_tables 00000001800123d4 f   MSVCRT:utility.obj
 0001:000114a0       __scrt_is_nonwritable_in_current_image 00000001800124a0 f   MSVCRT:utility.obj
 0001:0001153c       __scrt_release_startup_lock 000000018001253c f   MSVCRT:utility.obj
 0001:00011560       __scrt_uninitialize_crt    0000000180012560 f   MSVCRT:utility.obj
 0001:0001158c       _onexit                    000000018001258c f   MSVCRT:utility.obj
 0001:000115dc       at_quick_exit              00000001800125dc f   MSVCRT:utility.obj
 0001:00011614       atexit                     0000000180012614 f   MSVCRT:utility.obj
 0001:0001162c       __security_init_cookie     000000018001262c f   MSVCRT:gs_support.obj
 0001:000116d8       DllMain                    00000001800126d8 f   MSVCRT:dll_dllmain_stub.obj
 0001:000116fc       ?__scrt_initialize_type_info@@YAXXZ 00000001800126fc f   MSVCRT:tncleanup.obj
 0001:0001170c       ?__scrt_uninitialize_type_info@@YAXXZ 000000018001270c f   MSVCRT:tncleanup.obj
 0001:00011718       __local_stdio_scanf_options 0000000180012718 f i MSVCRT:default_local_stdio_options.obj
 0001:00011720       __scrt_initialize_default_local_stdio_options 0000000180012720 f   MSVCRT:default_local_stdio_options.obj
 0001:0001173c       __scrt_get_dyn_tls_init_callback 000000018001273c f   MSVCRT:dyn_tls_init.obj
 0001:00011744       __crt_debugger_hook        0000000180012744 f   MSVCRT:utility_desktop.obj
 0001:0001174c       __scrt_fastfail            000000018001274c f   MSVCRT:utility_desktop.obj
 0001:00011894       __scrt_get_show_window_mode 0000000180012894 f   MSVCRT:utility_desktop.obj
 0001:000118d0       __scrt_initialize_winrt    00000001800128d0 f   MSVCRT:utility_desktop.obj
 0001:000118d4       __scrt_is_managed_app      00000001800128d4 f   MSVCRT:utility_desktop.obj
 0001:00011928       __scrt_set_unhandled_exception_filter 0000000180012928 f   MSVCRT:utility_desktop.obj
 0001:00011938       __scrt_unhandled_exception_filter 0000000180012938 f   MSVCRT:utility_desktop.obj
 0001:00011970       _RTC_Initialize            0000000180012970 f   MSVCRT:_initsect_.obj
 0001:000119bc       _RTC_Terminate             00000001800129bc f   MSVCRT:_initsect_.obj
 0001:00011a08       _guard_check_icall         0000000180012a08 f i MSVCRT:checkcfg.obj
 0001:00011a10       __isa_available_init       0000000180012a10 f   MSVCRT:_cpu_disp_.obj
 0001:00011bd8       _get_startup_argv_mode     0000000180012bd8 f   MSVCRT:argv_mode.obj
 0001:00011be0       __scrt_is_ucrt_dll_in_use  0000000180012be0 f   MSVCRT:ucrt_detection.obj
 0001:00011bec       _guard_check_icall_nop     0000000180012bec f i MSVCRT:guard_support.obj
 0001:00011bf0       _guard_icall_checks_enforced 0000000180012bf0 f i MSVCRT:guard_support.obj
 0001:00011c10       RtlCaptureContext          0000000180012c10 f   kernel32:KERNEL32.dll
 0001:00011c16       RtlLookupFunctionEntry     0000000180012c16 f   kernel32:KERNEL32.dll
 0001:00011c1c       RtlVirtualUnwind           0000000180012c1c f   kernel32:KERNEL32.dll
 0001:00011c22       UnhandledExceptionFilter   0000000180012c22 f   kernel32:KERNEL32.dll
 0001:00011c28       SetUnhandledExceptionFilter 0000000180012c28 f   kernel32:KERNEL32.dll
 0001:00011c2e       GetCurrentProcess          0000000180012c2e f   kernel32:KERNEL32.dll
 0001:00011c34       TerminateProcess           0000000180012c34 f   kernel32:KERNEL32.dll
 0001:00011c3a       IsProcessorFeaturePresent  0000000180012c3a f   kernel32:KERNEL32.dll
 0001:00011c40       QueryPerformanceCounter    0000000180012c40 f   kernel32:KERNEL32.dll
 0001:00011c46       GetCurrentProcessId        0000000180012c46 f   kernel32:KERNEL32.dll
 0001:00011c4c       GetCurrentThreadId         0000000180012c4c f   kernel32:KERNEL32.dll
 0001:00011c52       GetSystemTimeAsFileTime    0000000180012c52 f   kernel32:KERNEL32.dll
 0001:00011c58       DisableThreadLibraryCalls  0000000180012c58 f   kernel32:KERNEL32.dll
 0001:00011c5e       InitializeSListHead        0000000180012c5e f   kernel32:KERNEL32.dll
 0001:00011c64       IsDebuggerPresent          0000000180012c64 f   kernel32:KERNEL32.dll
 0001:00011c6a       GetStartupInfoW            0000000180012c6a f   kernel32:KERNEL32.dll
 0001:00011c70       GetModuleHandleW           0000000180012c70 f   kernel32:KERNEL32.dll
 0001:00011c76       memset                     0000000180012c76 f   vcruntime:VCRUNTIME140.dll
 0001:00011c7c       memcpy                     0000000180012c7c f   vcruntime:VCRUNTIME140.dll
 0001:00011c82       __C_specific_handler       0000000180012c82 f   vcruntime:VCRUNTIME140.dll
 0001:00011c88       __std_type_info_destroy_list 0000000180012c88 f   vcruntime:VCRUNTIME140.dll
 0001:00011c8e       strcmp                     0000000180012c8e f   ucrt:api-ms-win-crt-string-l1-1-0.dll
 0001:00011c94       __stdio_common_vsprintf    0000000180012c94 f   ucrt:api-ms-win-crt-stdio-l1-1-0.dll
 0001:00011c9a       free                       0000000180012c9a f   ucrt:api-ms-win-crt-heap-l1-1-0.dll
 0001:00011ca0       malloc                     0000000180012ca0 f   ucrt:api-ms-win-crt-heap-l1-1-0.dll
 0001:00011ca6       strlen                     0000000180012ca6 f   ucrt:api-ms-win-crt-string-l1-1-0.dll
 0001:00011cac       _initterm                  0000000180012cac f   ucrt:api-ms-win-crt-runtime-l1-1-0.dll
 0001:00011cb2       _initterm_e                0000000180012cb2 f   ucrt:api-ms-win-crt-runtime-l1-1-0.dll
 0001:00011cb8       _seh_filter_dll            0000000180012cb8 f   ucrt:api-ms-win-crt-runtime-l1-1-0.dll
 0001:00011cbe       _configure_narrow_argv     0000000180012cbe f   ucrt:api-ms-win-crt-runtime-l1-1-0.dll
 0001:00011cc4       _initialize_narrow_environment 0000000180012cc4 f   ucrt:api-ms-win-crt-runtime-l1-1-0.dll
 0001:00011cca       _initialize_onexit_table   0000000180012cca f   ucrt:api-ms-win-crt-runtime-l1-1-0.dll
 0001:00011cd0       _register_onexit_function  0000000180012cd0 f   ucrt:api-ms-win-crt-runtime-l1-1-0.dll
 0001:00011cd6       _execute_onexit_table      0000000180012cd6 f   ucrt:api-ms-win-crt-runtime-l1-1-0.dll
 0001:00011cdc       _crt_atexit                0000000180012cdc f   ucrt:api-ms-win-crt-runtime-l1-1-0.dll
 0001:00011ce2       _crt_at_quick_exit         0000000180012ce2 f   ucrt:api-ms-win-crt-runtime-l1-1-0.dll
 0001:00011ce8       _cexit                     0000000180012ce8 f   ucrt:api-ms-win-crt-runtime-l1-1-0.dll
 0001:00011cee       terminate                  0000000180012cee f   ucrt:api-ms-win-crt-runtime-l1-1-0.dll
 0001:00011cf4       __acrt_initialize          0000000180012cf4 f   MSVCRT:ucrt_stubs.obj
 0001:00011cf4       __scrt_stub_for_acrt_initialize 0000000180012cf4 f   MSVCRT:ucrt_stubs.obj
 0001:00011cf4       __vcrt_initialize          0000000180012cf4 f   MSVCRT:ucrt_stubs.obj
 0001:00011cf8       __scrt_stub_for_acrt_thread_attach 0000000180012cf8 f   MSVCRT:ucrt_stubs.obj
 0001:00011cf8       __acrt_thread_attach       0000000180012cf8 f   MSVCRT:ucrt_stubs.obj
 0001:00011cf8       __vcrt_thread_attach       0000000180012cf8 f   MSVCRT:ucrt_stubs.obj
 0001:00011cfc       __acrt_thread_detach       0000000180012cfc f   MSVCRT:ucrt_stubs.obj
 0001:00011cfc       __scrt_stub_for_acrt_thread_detach 0000000180012cfc f   MSVCRT:ucrt_stubs.obj
 0001:00011cfc       __vcrt_thread_detach       0000000180012cfc f   MSVCRT:ucrt_stubs.obj
 0001:00011d00       __scrt_stub_for_acrt_uninitialize 0000000180012d00 f   MSVCRT:ucrt_stubs.obj
 0001:00011d00       __acrt_uninitialize        0000000180012d00 f   MSVCRT:ucrt_stubs.obj
 0001:00011d00       __vcrt_uninitialize        0000000180012d00 f   MSVCRT:ucrt_stubs.obj
 0001:00011d04       __vcrt_uninitialize_critical 0000000180012d04 f   MSVCRT:ucrt_stubs.obj
 0001:00011d04       __acrt_uninitialize_critical 0000000180012d04 f   MSVCRT:ucrt_stubs.obj
 0001:00011d04       __scrt_stub_for_acrt_uninitialize_critical 0000000180012d04 f   MSVCRT:ucrt_stubs.obj
 0001:00011d08       _is_c_termination_complete 0000000180012d08 f   MSVCRT:ucrt_stubs.obj
 0001:00011d08       __scrt_stub_for_is_c_termination_complete 0000000180012d08 f   MSVCRT:ucrt_stubs.obj
 0001:00011d20       _guard_dispatch_icall_nop  0000000180012d20 f   MSVCRT:_guard_dispatch_.obj
 0002:00000000       __imp_GetCurrentProcess    0000000180013000     kernel32:KERNEL32.dll
 0002:00000008       __imp_RtlCaptureContext    0000000180013008     kernel32:KERNEL32.dll
 0002:00000010       __imp_RtlLookupFunctionEntry 0000000180013010     kernel32:KERNEL32.dll
 0002:00000018       __imp_RtlVirtualUnwind     0000000180013018     kernel32:KERNEL32.dll
 0002:00000020       __imp_GetCurrentProcessId  0000000180013020     kernel32:KERNEL32.dll
 0002:00000028       __imp_UnhandledExceptionFilter 0000000180013028     kernel32:KERNEL32.dll
 0002:00000030       __imp_SetUnhandledExceptionFilter 0000000180013030     kernel32:KERNEL32.dll
 0002:00000038       __imp_GetCurrentThreadId   0000000180013038     kernel32:KERNEL32.dll
 0002:00000040       __imp_GetSystemTimeAsFileTime 0000000180013040     kernel32:KERNEL32.dll
 0002:00000048       __imp_DisableThreadLibraryCalls 0000000180013048     kernel32:KERNEL32.dll
 0002:00000050       __imp_InitializeSListHead  0000000180013050     kernel32:KERNEL32.dll
 0002:00000058       __imp_IsDebuggerPresent    0000000180013058     kernel32:KERNEL32.dll
 0002:00000060       __imp_GetStartupInfoW      0000000180013060     kernel32:KERNEL32.dll
 0002:00000068       __imp_GetModuleHandleW     0000000180013068     kernel32:KERNEL32.dll
 0002:00000070       __imp_IsProcessorFeaturePresent 0000000180013070     kernel32:KERNEL32.dll
 0002:00000078       __imp_TerminateProcess     0000000180013078     kernel32:KERNEL32.dll
 0002:00000080       __imp_QueryPerformanceCounter 0000000180013080     kernel32:KERNEL32.dll
 0002:00000088       \177KERNEL32_NULL_THUNK_DATA 0000000180013088     kernel32:KERNEL32.dll
 0002:00000090       __imp___std_type_info_destroy_list 0000000180013090     vcruntime:VCRUNTIME140.dll
 0002:00000098       __imp___C_specific_handler 0000000180013098     vcruntime:VCRUNTIME140.dll
 0002:000000a0       __imp_memcpy               00000001800130a0     vcruntime:VCRUNTIME140.dll
 0002:000000a8       __imp_memset               00000001800130a8     vcruntime:VCRUNTIME140.dll
 0002:000000b0       \177VCRUNTIME140_NULL_THUNK_DATA 00000001800130b0     vcruntime:VCRUNTIME140.dll
 0002:000000b8       __imp_free                 00000001800130b8     ucrt:api-ms-win-crt-heap-l1-1-0.dll
 0002:000000c0       __imp_malloc               00000001800130c0     ucrt:api-ms-win-crt-heap-l1-1-0.dll
 0002:000000c8       \177api-ms-win-crt-heap-l1-1-0_NULL_THUNK_DATA 00000001800130c8     ucrt:api-ms-win-crt-heap-l1-1-0.dll
 0002:000000d0       __imp__configure_narrow_argv 00000001800130d0     ucrt:api-ms-win-crt-runtime-l1-1-0.dll
 0002:000000d8       __imp__seh_filter_dll      00000001800130d8     ucrt:api-ms-win-crt-runtime-l1-1-0.dll
 0002:000000e0       __imp__initterm_e          00000001800130e0     ucrt:api-ms-win-crt-runtime-l1-1-0.dll
 0002:000000e8       __imp__initialize_narrow_environment 00000001800130e8     ucrt:api-ms-win-crt-runtime-l1-1-0.dll
 0002:000000f0       __imp__initialize_onexit_table 00000001800130f0     ucrt:api-ms-win-crt-runtime-l1-1-0.dll
 0002:000000f8       __imp__register_onexit_function 00000001800130f8     ucrt:api-ms-win-crt-runtime-l1-1-0.dll
 0002:00000100       __imp__execute_onexit_table 0000000180013100     ucrt:api-ms-win-crt-runtime-l1-1-0.dll
 0002:00000108       __imp__crt_atexit          0000000180013108     ucrt:api-ms-win-crt-runtime-l1-1-0.dll
 0002:00000110       __imp__crt_at_quick_exit   0000000180013110     ucrt:api-ms-win-crt-runtime-l1-1-0.dll
 0002:00000118       __imp__cexit               0000000180013118     ucrt:api-ms-win-crt-runtime-l1-1-0.dll
 0002:00000120       __imp_terminate            0000000180013120     ucrt:api-ms-win-crt-runtime-l1-1-0.dll
 0002:00000128       __imp__initterm            0000000180013128     ucrt:api-ms-win-crt-runtime-l1-1-0.dll
 0002:00000130       \177api-ms-win-crt-runtime-l1-1-0_NULL_THUNK_DATA 0000000180013130     ucrt:api-ms-win-crt-runtime-l1-1-0.dll
 0002:00000138       __imp___stdio_common_vsprintf 0000000180013138     ucrt:api-ms-win-crt-stdio-l1-1-0.dll
 0002:00000140       \177api-ms-win-crt-stdio-l1-1-0_NULL_THUNK_DATA 0000000180013140     ucrt:api-ms-win-crt-stdio-l1-1-0.dll
 0002:00000148       __imp_strlen               0000000180013148     ucrt:api-ms-win-crt-string-l1-1-0.dll
 0002:00000150       __imp_strcmp               0000000180013150     ucrt:api-ms-win-crt-string-l1-1-0.dll
 0002:00000158       \177api-ms-win-crt-string-l1-1-0_NULL_THUNK_DATA 0000000180013158     ucrt:api-ms-win-crt-string-l1-1-0.dll
 0002:00000160       __imp_emlrtLicenseCheckR2012b 0000000180013160     libemlrt:libemlrt.dll
 0002:00000168       \177libemlrt_NULL_THUNK_DATA 0000000180013168     libemlrt:libemlrt.dll
 0002:00000170       __imp_mexUnlock_800        0000000180013170     libmex:libmex.dll
 0002:00000178       __imp_mexErrMsgTxt_800     0000000180013178     libmex:libmex.dll
 0002:00000180       __imp_mexWarnMsgTxt_800    0000000180013180     libmex:libmex.dll
 0002:00000188       __imp_mexIsLocked_800      0000000180013188     libmex:libmex.dll
 0002:00000190       __imp_mexMakeArrayPersistent_800 0000000180013190     libmex:libmex.dll
 0002:00000198       __imp_mexLock_800          0000000180013198     libmex:libmex.dll
 0002:000001a0       __imp_mexCallMATLAB_800    00000001800131a0     libmex:libmex.dll
 0002:000001a8       \177libmex_NULL_THUNK_DATA 00000001800131a8     libmex:libmex.dll
 0002:000001b0       __imp_imfilter_uint8       00000001800131b0     libmwimfilter:libmwimfilter.dll
 0002:000001b8       \177libmwimfilter_NULL_THUNK_DATA 00000001800131b8     libmwimfilter:libmwimfilter.dll
 0002:000001c0       __imp_ippfilter_uint8      00000001800131c0     libmwippfilter:libmwippfilter.dll
 0002:000001c8       \177libmwippfilter_NULL_THUNK_DATA 00000001800131c8     libmwippfilter:libmwippfilter.dll
 0002:000001d0       __imp_muDoubleScalarIsInf  00000001800131d0     libmwmathutil:libmwmathutil.dll
 0002:000001d8       __imp_muDoubleScalarIsNaN  00000001800131d8     libmwmathutil:libmwmathutil.dll
 0002:000001e0       __imp_muDoubleScalarRem    00000001800131e0     libmwmathutil:libmwmathutil.dll
 0002:000001e8       \177libmwmathutil_NULL_THUNK_DATA 00000001800131e8     libmwmathutil:libmwmathutil.dll
 0002:000001f0       __imp_mxDestroyArray_800   00000001800131f0     libmx:libmx.dll
 0002:000001f8       __imp_mxCreateDoubleScalar_800 00000001800131f8     libmx:libmx.dll
 0002:00000200       __imp_mxSetField_800       0000000180013200     libmx:libmx.dll
 0002:00000208       __imp_mxSetCell_800        0000000180013208     libmx:libmx.dll
 0002:00000210       __imp_mxGetN_800           0000000180013210     libmx:libmx.dll
 0002:00000218       __imp_mxIsComplex_800      0000000180013218     libmx:libmx.dll
 0002:00000220       __imp_mxIsNumeric_800      0000000180013220     libmx:libmx.dll
 0002:00000228       __imp_mxGetClassID_800     0000000180013228     libmx:libmx.dll
 0002:00000230       __imp_mxGetM_800           0000000180013230     libmx:libmx.dll
 0002:00000238       __imp_mxCalloc_800         0000000180013238     libmx:libmx.dll
 0002:00000240       __imp_mxGetNaN_800         0000000180013240     libmx:libmx.dll
 0002:00000248       __imp_mxCreateStructArray_800 0000000180013248     libmx:libmx.dll
 0002:00000250       __imp_mxCreateStructMatrix_800 0000000180013250     libmx:libmx.dll
 0002:00000258       __imp_mxCreateCellArray_800 0000000180013258     libmx:libmx.dll
 0002:00000260       __imp_mxIsChar_800         0000000180013260     libmx:libmx.dll
 0002:00000268       __imp_mxGetScalar_800      0000000180013268     libmx:libmx.dll
 0002:00000270       __imp_mxGetPr_800          0000000180013270     libmx:libmx.dll
 0002:00000278       __imp_mxCreateCellMatrix_800 0000000180013278     libmx:libmx.dll
 0002:00000280       __imp_mxCreateDoubleMatrix_800 0000000180013280     libmx:libmx.dll
 0002:00000288       __imp_mxGetString_800      0000000180013288     libmx:libmx.dll
 0002:00000290       __imp_mxDuplicateArray_800 0000000180013290     libmx:libmx.dll
 0002:00000298       __imp_mxCreateString_800   0000000180013298     libmx:libmx.dll
 0002:000002a0       \177libmx_NULL_THUNK_DATA  00000001800132a0     libmx:libmx.dll
 0002:000002a8       __imp_utFree               00000001800132a8     libut:libut.dll
 0002:000002b0       __imp_utMalloc             00000001800132b0     libut:libut.dll
 0002:000002b8       \177libut_NULL_THUNK_DATA  00000001800132b8     libut:libut.dll
 0002:000002c0       __imp_sf_debug_set_chart_disable_implicit_casting 00000001800132c0     sf_runtime:sf_runtime.dll
 0002:000002c8       __imp_sf_debug_api         00000001800132c8     sf_runtime:sf_runtime.dll
 0002:000002d0       __imp_sf_debug_terminate   00000001800132d0     sf_runtime:sf_runtime.dll
 0002:000002d8       __imp_sf_debug_create_debug_instance_struct 00000001800132d8     sf_runtime:sf_runtime.dll
 0002:000002e0       __imp_sf_clear_error_manager_info 00000001800132e0     sf_runtime:sf_runtime.dll
 0002:000002e8       __imp_sf_mex_error_direct_call 00000001800132e8     sf_runtime:sf_runtime.dll
 0002:000002f0       __imp_getRuntimeInstanceInfoAsVoid 00000001800132f0     sf_runtime:sf_runtime.dll
 0002:000002f8       __imp_call_sf_machine_global_method_dispatcher 00000001800132f8     sf_runtime:sf_runtime.dll
 0002:00000300       __imp_callMdlMethodAndReportError 0000000180013300     sf_runtime:sf_runtime.dll
 0002:00000308       __imp_sf_get_hasSeparateUpdateOutputs 0000000180013308     sf_runtime:sf_runtime.dll
 0002:00000310       __imp_sf_get_ChartInfoStruct_CodeGen 0000000180013310     sf_runtime:sf_runtime.dll
 0002:00000318       __imp_sf_debug_set_instance_data_value_ptr 0000000180013318     sf_runtime:sf_runtime.dll
 0002:00000320       __imp_sf_debug_symbol_scope_add_eml_importable 0000000180013320     sf_runtime:sf_runtime.dll
 0002:00000328       __imp_sf_debug_symbol_scope_add_eml 0000000180013328     sf_runtime:sf_runtime.dll
 0002:00000330       __imp_sf_debug_symbol_scope_pop 0000000180013330     sf_runtime:sf_runtime.dll
 0002:00000338       __imp_sf_debug_symbol_scope_push_eml 0000000180013338     sf_runtime:sf_runtime.dll
 0002:00000340       __imp_sf_debug_symbol_scope_push 0000000180013340     sf_runtime:sf_runtime.dll
 0002:00000348       __imp_sf_debug_set_chart_data_compiled_props 0000000180013348     sf_runtime:sf_runtime.dll
 0002:00000350       __imp_sf_debug_set_chart_data_props 0000000180013350     sf_runtime:sf_runtime.dll
 0002:00000358       __imp_sf_debug_cv_init_state 0000000180013358     sf_runtime:sf_runtime.dll
 0002:00000360       __imp_sf_debug_cv_init_chart 0000000180013360     sf_runtime:sf_runtime.dll
 0002:00000368       __imp_sf_debug_cv_init_trans 0000000180013368     sf_runtime:sf_runtime.dll
 0002:00000370       __imp_sf_debug_data_range_wrapper 0000000180013370     sf_runtime:sf_runtime.dll
 0002:00000378       __imp_sf_debug_set_chart_substate_count 0000000180013378     sf_runtime:sf_runtime.dll
 0002:00000380       __imp_sf_debug_set_chart_decomposition 0000000180013380     sf_runtime:sf_runtime.dll
 0002:00000388       __imp_sf_debug_set_chart_state_info 0000000180013388     sf_runtime:sf_runtime.dll
 0002:00000390       __imp_sf_debug_reset_current_state_configuration 0000000180013390     sf_runtime:sf_runtime.dll
 0002:00000398       __imp_cv_eml_init_fcn      0000000180013398     sf_runtime:sf_runtime.dll
 0002:000003a0       __imp_cv_eml_init_script   00000001800133a0     sf_runtime:sf_runtime.dll
 0002:000003a8       __imp_cv_eml_eval          00000001800133a8     sf_runtime:sf_runtime.dll
 0002:000003b0       __imp_eml_debug_line_call  00000001800133b0     sf_runtime:sf_runtime.dll
 0002:000003b8       __imp_sf_debug_call        00000001800133b8     sf_runtime:sf_runtime.dll
 0002:000003c0       __imp_sf_debug_initialize_chart 00000001800133c0     sf_runtime:sf_runtime.dll
 0002:000003c8       __imp_sf_integer_check     00000001800133c8     sf_runtime:sf_runtime.dll
 0002:000003d0       __imp_sf_eml_array_bounds_check 00000001800133d0     sf_runtime:sf_runtime.dll
 0002:000003d8       __imp_ssGetOutputPortSignal_wrapper 00000001800133d8     sf_runtime:sf_runtime.dll
 0002:000003e0       __imp_ssGetInputPortSignal_wrapper 00000001800133e0     sf_runtime:sf_runtime.dll
 0002:000003e8       __imp_sf_mex_decode_encoded_mx_struct_array 00000001800133e8     sf_runtime:sf_runtime.dll
 0002:000003f0       __imp_sf_mex_import        00000001800133f0     sf_runtime:sf_runtime.dll
 0002:000003f8       __imp_sf_mex_destroy       00000001800133f8     sf_runtime:sf_runtime.dll
 0002:00000400       __imp_sf_mex_dup           0000000180013400     sf_runtime:sf_runtime.dll
 0002:00000408       __imp_sf_mex_assign        0000000180013408     sf_runtime:sf_runtime.dll
 0002:00000410       __imp_sf_mex_getcell       0000000180013410     sf_runtime:sf_runtime.dll
 0002:00000418       __imp_sf_mex_setcell       0000000180013418     sf_runtime:sf_runtime.dll
 0002:00000420       __imp_sf_mex_createcellmatrix 0000000180013420     sf_runtime:sf_runtime.dll
 0002:00000428       __imp_sf_mex_create        0000000180013428     sf_runtime:sf_runtime.dll
 0002:00000430       __imp_sf_mex_error_message 0000000180013430     sf_runtime:sf_runtime.dll
 0002:00000438       __imp_sf_mex_call_debug    0000000180013438     sf_runtime:sf_runtime.dll
 0002:00000440       __imp_ssSetBlockIsPurelyCombinatorial_wrapper 0000000180013440     sf_runtime:sf_runtime.dll
 0002:00000448       __imp_sf_register_codegen_names_for_scoped_functions_defined_by_chart 0000000180013448     sf_runtime:sf_runtime.dll
 0002:00000450       __imp_sf_set_chart_accesses_machine_info 0000000180013450     sf_runtime:sf_runtime.dll
 0002:00000458       __imp_sf_is_first_init_cond 0000000180013458     sf_runtime:sf_runtime.dll
 0002:00000460       __imp_sf_get_time          0000000180013460     sf_runtime:sf_runtime.dll
 0002:00000468       __imp_sf_set_rtw_dwork_info 0000000180013468     sf_runtime:sf_runtime.dll
 0002:00000470       __imp_sf_clear_rtw_identifier 0000000180013470     sf_runtime:sf_runtime.dll
 0002:00000478       __imp_sim_mode_is_modelref_sim 0000000180013478     sf_runtime:sf_runtime.dll
 0002:00000480       __imp_sim_mode_is_external 0000000180013480     sf_runtime:sf_runtime.dll
 0002:00000488       __imp_sim_mode_is_rtw_gen  0000000180013488     sf_runtime:sf_runtime.dll
 0002:00000490       __imp_sf_mark_chart_expressionable_inputs 0000000180013490     sf_runtime:sf_runtime.dll
 0002:00000498       __imp_sf_mark_chart_reusable_outputs 0000000180013498     sf_runtime:sf_runtime.dll
 0002:000004a0       __imp_sf_is_chart_inlinable 00000001800134a0     sf_runtime:sf_runtime.dll
 0002:000004a8       __imp_sf_update_buildInfo  00000001800134a8     sf_runtime:sf_runtime.dll
 0002:000004b0       __imp_sf_rtw_info_uint_prop 00000001800134b0     sf_runtime:sf_runtime.dll
 0002:000004b8       __imp_sf_get_chart_instance_ptr 00000001800134b8     sf_runtime:sf_runtime.dll
 0002:000004c0       __imp_sfrtGetEmlrtCtx      00000001800134c0     sf_runtime:sf_runtime.dll
 0002:000004c8       __imp_sf_free_ChartRunTimeInfo 00000001800134c8     sf_runtime:sf_runtime.dll
 0002:000004d0       __imp_sf_init_ChartRunTimeInfo 00000001800134d0     sf_runtime:sf_runtime.dll
 0002:000004d8       __imp_sf_debug_set_machine_data_thresholds 00000001800134d8     sf_runtime:sf_runtime.dll
 0002:000004e0       __imp_sf_debug_set_machine_event_thresholds 00000001800134e0     sf_runtime:sf_runtime.dll
 0002:000004e8       __imp_sf_debug_initialize_machine 00000001800134e8     sf_runtime:sf_runtime.dll
 0002:000004f0       __imp_sf_load_rtw_optimization_info 00000001800134f0     sf_runtime:sf_runtime.dll
 0002:000004f8       __imp_sf_debug_set_chart_event_thresholds 00000001800134f8     sf_runtime:sf_runtime.dll
 0002:00000500       \177sf_runtime_NULL_THUNK_DATA 0000000180013500     sf_runtime:sf_runtime.dll
 0002:00000508       __guard_check_icall_fptr   0000000180013508     MSVCRT:guard_support.obj
 0002:00000510       __guard_dispatch_icall_fptr 0000000180013510     MSVCRT:guard_support.obj
 0002:00000518       __xc_a                     0000000180013518     MSVCRT:initializers.obj
 0002:00000520       __xc_z                     0000000180013520     MSVCRT:initializers.obj
 0002:00000528       __xi_a                     0000000180013528     MSVCRT:initializers.obj
 0002:00000530       __xi_z                     0000000180013530     MSVCRT:initializers.obj
 0002:00000538       __xp_a                     0000000180013538     MSVCRT:initializers.obj
 0002:00000540       __xp_z                     0000000180013540     MSVCRT:initializers.obj
 0002:00000548       __xt_a                     0000000180013548     MSVCRT:initializers.obj
 0002:00000550       __xt_z                     0000000180013550     MSVCRT:initializers.obj
 0002:00000560       __real@41af171b72000000    0000000180013560     hdlcoder_medianimagefilter_sfun.obj
 0002:00000568       __real@41c12750f2000000    0000000180013568     hdlcoder_medianimagefilter_sfun.obj
 0002:00000570       __real@41c1aa084c000000    0000000180013570     hdlcoder_medianimagefilter_sfun.obj
 0002:00000578       __real@41c8fe9b45800000    0000000180013578     hdlcoder_medianimagefilter_sfun.obj
 0002:00000580       __real@41cb99fcf8000000    0000000180013580     hdlcoder_medianimagefilter_sfun.obj
 0002:00000588       __real@41d0c7342b000000    0000000180013588     hdlcoder_medianimagefilter_sfun.obj
 0002:00000590       __real@41d5b42a05400000    0000000180013590     hdlcoder_medianimagefilter_sfun.obj
 0002:00000598       __real@41de40636ec00000    0000000180013598     hdlcoder_medianimagefilter_sfun.obj
 0002:000005a0       __real@41e0a06b5fc00000    00000001800135a0     hdlcoder_medianimagefilter_sfun.obj
 0002:000005a8       __real@41e58ab16f600000    00000001800135a8     hdlcoder_medianimagefilter_sfun.obj
 0002:000005b0       __real@41e763e2aec00000    00000001800135b0     hdlcoder_medianimagefilter_sfun.obj
 0002:000005b8       __real@41ebaed59d400000    00000001800135b8     hdlcoder_medianimagefilter_sfun.obj
 0002:000005c0       __real@0000000000000000    00000001800135c0     c2_hdlcoder_medianimagefilter.obj
 0002:000005c8       __real@3fbc71c71c71c71c    00000001800135c8     c2_hdlcoder_medianimagefilter.obj
 0002:000005d0       __real@3ff0000000000000    00000001800135d0     c2_hdlcoder_medianimagefilter.obj
 0002:000005d8       __real@4000000000000000    00000001800135d8     c2_hdlcoder_medianimagefilter.obj
 0002:000005e0       __real@4008000000000000    00000001800135e0     c2_hdlcoder_medianimagefilter.obj
 0002:000005e8       __real@4022000000000000    00000001800135e8     c2_hdlcoder_medianimagefilter.obj
 0002:000005f0       __real@4024000000000000    00000001800135f0     c2_hdlcoder_medianimagefilter.obj
 0002:000005f8       __real@4054000000000000    00000001800135f8     c2_hdlcoder_medianimagefilter.obj
 0002:00000600       __real@406e000000000000    0000000180013600     c2_hdlcoder_medianimagefilter.obj
 0002:00000608       __real@406e400000000000    0000000180013608     c2_hdlcoder_medianimagefilter.obj
 0002:00000610       __real@4074000000000000    0000000180013610     c2_hdlcoder_medianimagefilter.obj
 0002:00000618       __real@407e000000000000    0000000180013618     c2_hdlcoder_medianimagefilter.obj
 0002:00000620       __real@4084000000000000    0000000180013620     c2_hdlcoder_medianimagefilter.obj
 0002:00000628       __real@40effb8000000000    0000000180013628     c2_hdlcoder_medianimagefilter.obj
 0002:00000630       __real@41d656cc7c400000    0000000180013630     c2_hdlcoder_medianimagefilter.obj
 0002:00000638       __real@41e111a573c00000    0000000180013638     c2_hdlcoder_medianimagefilter.obj
 0002:00000640       __real@41e331a55f000000    0000000180013640     c2_hdlcoder_medianimagefilter.obj
 0002:00000648       __real@41e847f82aa00000    0000000180013648     c2_hdlcoder_medianimagefilter.obj
 0002:00000650       __real@bff0000000000000    0000000180013650     c2_hdlcoder_medianimagefilter.obj
 0002:00000658       DYNAMIC_DIMENSION_DEF      0000000180013658     hdlcoder_medianimagefilter_sfun_registry.obj
 0002:00000670       __real@4010000000000000    0000000180013670     hdlcoder_medianimagefilter_sfun_registry.obj
 0002:00000678       __real@41602cbca0000000    0000000180013678     hdlcoder_medianimagefilter_sfun_registry.obj
 0002:00000690       _pDefaultRawDllMain        0000000180013690     MSVCRT:dll_dllmain.obj
 0002:00000690       _pRawDllMain               0000000180013690     MSVCRT:dll_dllmain.obj
 0002:000006c0       _load_config_used          00000001800136c0     MSVCRT:loadcfg.obj
 0002:00000980       __rtc_iaa                  0000000180013980     MSVCRT:_initsect_.obj
 0002:00000988       __rtc_izz                  0000000180013988     MSVCRT:_initsect_.obj
 0002:00000990       __rtc_taa                  0000000180013990     MSVCRT:_initsect_.obj
 0002:00000998       __rtc_tzz                  0000000180013998     MSVCRT:_initsect_.obj
 0002:0000137c       __IMPORT_DESCRIPTOR_libmwippfilter 000000018001437c     libmwippfilter:libmwippfilter.dll
 0002:00001390       __IMPORT_DESCRIPTOR_libmwimfilter 0000000180014390     libmwimfilter:libmwimfilter.dll
 0002:000013a4       __IMPORT_DESCRIPTOR_sf_runtime 00000001800143a4     sf_runtime:sf_runtime.dll
 0002:000013b8       __IMPORT_DESCRIPTOR_libmx  00000001800143b8     libmx:libmx.dll
 0002:000013cc       __IMPORT_DESCRIPTOR_libmex 00000001800143cc     libmex:libmex.dll
 0002:000013e0       __IMPORT_DESCRIPTOR_libut  00000001800143e0     libut:libut.dll
 0002:000013f4       __IMPORT_DESCRIPTOR_libmwmathutil 00000001800143f4     libmwmathutil:libmwmathutil.dll
 0002:00001408       __IMPORT_DESCRIPTOR_libemlrt 0000000180014408     libemlrt:libemlrt.dll
 0002:0000141c       __IMPORT_DESCRIPTOR_KERNEL32 000000018001441c     kernel32:KERNEL32.dll
 0002:00001430       __IMPORT_DESCRIPTOR_VCRUNTIME140 0000000180014430     vcruntime:VCRUNTIME140.dll
 0002:00001444       __IMPORT_DESCRIPTOR_api-ms-win-crt-string-l1-1-0 0000000180014444     ucrt:api-ms-win-crt-string-l1-1-0.dll
 0002:00001458       __IMPORT_DESCRIPTOR_api-ms-win-crt-stdio-l1-1-0 0000000180014458     ucrt:api-ms-win-crt-stdio-l1-1-0.dll
 0002:0000146c       __IMPORT_DESCRIPTOR_api-ms-win-crt-heap-l1-1-0 000000018001446c     ucrt:api-ms-win-crt-heap-l1-1-0.dll
 0002:00001480       __IMPORT_DESCRIPTOR_api-ms-win-crt-runtime-l1-1-0 0000000180014480     ucrt:api-ms-win-crt-runtime-l1-1-0.dll
 0002:00001494       __NULL_IMPORT_DESCRIPTOR   0000000180014494     libmwippfilter:libmwippfilter.dll
 0003:00004738       DYNAMIC_DIMENSION          000000018001a738     hdlcoder_medianimagefilter_sfun_registry.obj
 0003:00004a50       __security_cookie          000000018001aa50     MSVCRT:gs_cookie.obj
 0003:00004a58       __security_cookie_complement 000000018001aa58     MSVCRT:gs_cookie.obj
 0003:00004a60       _fltused                   000000018001aa60     MSVCRT:dllsupp.obj
 0003:00004a70       __scrt_native_dllmain_reason 000000018001aa70     MSVCRT:utility.obj
 0003:00004a78       __isa_available            000000018001aa78     MSVCRT:_cpu_disp_.obj
 0003:00004a7c       __isa_enabled              000000018001aa7c     MSVCRT:_cpu_disp_.obj
 0003:00004a80       __memcpy_nt_iters          000000018001aa80     MSVCRT:_cpu_disp_.obj
 0003:00004a90       __scrt_ucrt_dll_is_in_use  000000018001aa90     MSVCRT:ucrt_stubs.obj
 0003:00004ac8       sfGlobalDebugInstanceStruct 000000018001aac8     hdlcoder_medianimagefilter_sfun_registry.obj
 0003:00005048       __scrt_current_native_startup_state 000000018001b048     MSVCRT:utility.obj
 0003:00005050       __scrt_native_startup_lock 000000018001b050     MSVCRT:utility.obj
 0003:00005090       ?__type_info_root_node@@3U__type_info_node@@A 000000018001b090     MSVCRT:tncleanup.obj
 0003:000050a0       ?_OptionsStorage@?1??__local_stdio_printf_options@@9@4_KA 000000018001b0a0     MSVCRT:default_local_stdio_options.obj
 0003:000050a8       ?_OptionsStorage@?1??__local_stdio_scanf_options@@9@4_KA 000000018001b0a8     MSVCRT:default_local_stdio_options.obj
 0003:000050b0       __scrt_debugger_hook_flag  000000018001b0b0     MSVCRT:utility_desktop.obj
 0003:000050b4       __favor                    000000018001b0b4     MSVCRT:_cpu_disp_.obj
 0003:000050b8       ?_OptionsStorage@?1??__local_stdio_printf_options@@9@9 000000018001b0b8     <common>
 0003:000050c0       _hdlcoder_medianimagefilterMachineNumber_ 000000018001b0c0     <common>
 0003:000050c8       __dyn_tls_init_callback    000000018001b0c8     <common>

 entry point at        0001:000110f8

 Static symbols

 0000:00000000       .debug$S                   0000000180000000     sf_runtime:sf_runtime.dll
 0000:00000000       .debug$S                   0000000180000000     hdlcoder_medianimagefilter_sfun.exp
 0000:00000000       .debug$S                   0000000180000000     libmwippfilter:libmwippfilter.dll
 0000:00000000       .debug$S                   0000000180000000     libmwimfilter:libmwimfilter.dll
 0000:00000000       .debug$S                   0000000180000000     sf_runtime:sf_runtime.dll
 0000:00000000       .debug$S                   0000000180000000     sf_runtime:sf_runtime.dll
 0000:00000000       .debug$S                   0000000180000000     sf_runtime:sf_runtime.dll
 0000:00000000       .debug$S                   0000000180000000     sf_runtime:sf_runtime.dll
 0000:00000000       .debug$S                   0000000180000000     ucrt:api-ms-win-crt-heap-l1-1-0.dll
 0000:00000000       .debug$S                   0000000180000000     ucrt:api-ms-win-crt-heap-l1-1-0.dll
 0000:00000000       .debug$S                   0000000180000000     ucrt:api-ms-win-crt-runtime-l1-1-0.dll
 0000:00000000       .debug$S                   0000000180000000     ucrt:api-ms-win-crt-runtime-l1-1-0.dll
 0000:00000000       .debug$S                   0000000180000000     ucrt:api-ms-win-crt-runtime-l1-1-0.dll
 0000:00000000       .debug$S                   0000000180000000     ucrt:api-ms-win-crt-runtime-l1-1-0.dll
 0000:00000000       .debug$S                   0000000180000000     ucrt:api-ms-win-crt-runtime-l1-1-0.dll
 0000:00000000       .debug$S                   0000000180000000     ucrt:api-ms-win-crt-runtime-l1-1-0.dll
 0000:00000000       .debug$S                   0000000180000000     ucrt:api-ms-win-crt-runtime-l1-1-0.dll
 0000:00000000       .debug$S                   0000000180000000     ucrt:api-ms-win-crt-runtime-l1-1-0.dll
 0000:00000000       .debug$S                   0000000180000000     ucrt:api-ms-win-crt-runtime-l1-1-0.dll
 0000:00000000       .debug$S                   0000000180000000     ucrt:api-ms-win-crt-runtime-l1-1-0.dll
 0000:00000000       .debug$S                   0000000180000000     ucrt:api-ms-win-crt-runtime-l1-1-0.dll
 0000:00000000       .debug$S                   0000000180000000     ucrt:api-ms-win-crt-runtime-l1-1-0.dll
 0000:00000000       .debug$S                   0000000180000000     sf_runtime:sf_runtime.dll
 0000:00000000       .debug$S                   0000000180000000     ucrt:api-ms-win-crt-stdio-l1-1-0.dll
 0000:00000000       .debug$S                   0000000180000000     sf_runtime:sf_runtime.dll
 0000:00000000       .debug$S                   0000000180000000     ucrt:api-ms-win-crt-string-l1-1-0.dll
 0000:00000000       .debug$S                   0000000180000000     ucrt:api-ms-win-crt-string-l1-1-0.dll
 0000:00000000       .debug$S                   0000000180000000     sf_runtime:sf_runtime.dll
 0000:00000000       .debug$S                   0000000180000000     vcruntime:VCRUNTIME140.dll
 0000:00000000       .debug$S                   0000000180000000     vcruntime:VCRUNTIME140.dll
 0000:00000000       .debug$S                   0000000180000000     vcruntime:VCRUNTIME140.dll
 0000:00000000       .debug$S                   0000000180000000     vcruntime:VCRUNTIME140.dll
 0000:00000000       .debug$S                   0000000180000000     sf_runtime:sf_runtime.dll
 0000:00000000       .debug$S                   0000000180000000     kernel32:KERNEL32.dll
 0000:00000000       .debug$S                   0000000180000000     kernel32:KERNEL32.dll
 0000:00000000       .debug$S                   0000000180000000     kernel32:KERNEL32.dll
 0000:00000000       .debug$S                   0000000180000000     kernel32:KERNEL32.dll
 0000:00000000       .debug$S                   0000000180000000     kernel32:KERNEL32.dll
 0000:00000000       .debug$S                   0000000180000000     kernel32:KERNEL32.dll
 0000:00000000       .debug$S                   0000000180000000     kernel32:KERNEL32.dll
 0000:00000000       .debug$S                   0000000180000000     kernel32:KERNEL32.dll
 0000:00000000       .debug$S                   0000000180000000     kernel32:KERNEL32.dll
 0000:00000000       .debug$S                   0000000180000000     kernel32:KERNEL32.dll
 0000:00000000       .debug$S                   0000000180000000     kernel32:KERNEL32.dll
 0000:00000000       .debug$S                   0000000180000000     kernel32:KERNEL32.dll
 0000:00000000       .debug$S                   0000000180000000     kernel32:KERNEL32.dll
 0000:00000000       .debug$S                   0000000180000000     kernel32:KERNEL32.dll
 0000:00000000       .debug$S                   0000000180000000     kernel32:KERNEL32.dll
 0000:00000000       .debug$S                   0000000180000000     kernel32:KERNEL32.dll
 0000:00000000       .debug$S                   0000000180000000     kernel32:KERNEL32.dll
 0000:00000000       .debug$S                   0000000180000000     sf_runtime:sf_runtime.dll
 0000:00000000       .debug$S                   0000000180000000     sf_runtime:sf_runtime.dll
 0000:00000000       .debug$S                   0000000180000000     sf_runtime:sf_runtime.dll
 0000:00000000       .debug$S                   0000000180000000     sf_runtime:sf_runtime.dll
 0000:00000000       .debug$S                   0000000180000000     sf_runtime:sf_runtime.dll
 0000:00000000       .debug$S                   0000000180000000     sf_runtime:sf_runtime.dll
 0000:00000000       .debug$S                   0000000180000000     sf_runtime:sf_runtime.dll
 0000:00000000       .debug$S                   0000000180000000     sf_runtime:sf_runtime.dll
 0000:00000000       .debug$S                   0000000180000000     sf_runtime:sf_runtime.dll
 0000:00000000       .debug$S                   0000000180000000     sf_runtime:sf_runtime.dll
 0000:00000000       .debug$S                   0000000180000000     sf_runtime:sf_runtime.dll
 0000:00000000       .debug$S                   0000000180000000     sf_runtime:sf_runtime.dll
 0000:00000000       .debug$S                   0000000180000000     sf_runtime:sf_runtime.dll
 0000:00000000       .debug$S                   0000000180000000     sf_runtime:sf_runtime.dll
 0000:00000000       .debug$S                   0000000180000000     sf_runtime:sf_runtime.dll
 0000:00000000       .debug$S                   0000000180000000     sf_runtime:sf_runtime.dll
 0000:00000000       .debug$S                   0000000180000000     sf_runtime:sf_runtime.dll
 0000:00000000       .debug$S                   0000000180000000     sf_runtime:sf_runtime.dll
 0000:00000000       .debug$S                   0000000180000000     sf_runtime:sf_runtime.dll
 0000:00000000       .debug$S                   0000000180000000     sf_runtime:sf_runtime.dll
 0000:00000000       .debug$S                   0000000180000000     sf_runtime:sf_runtime.dll
 0000:00000000       .debug$S                   0000000180000000     sf_runtime:sf_runtime.dll
 0000:00000000       .debug$S                   0000000180000000     sf_runtime:sf_runtime.dll
 0000:00000000       .debug$S                   0000000180000000     sf_runtime:sf_runtime.dll
 0000:00000000       .debug$S                   0000000180000000     sf_runtime:sf_runtime.dll
 0000:00000000       .debug$S                   0000000180000000     libmx:libmx.dll
 0000:00000000       .debug$S                   0000000180000000     sf_runtime:sf_runtime.dll
 0000:00000000       .debug$S                   0000000180000000     sf_runtime:sf_runtime.dll
 0000:00000000       .debug$S                   0000000180000000     sf_runtime:sf_runtime.dll
 0000:00000000       .debug$S                   0000000180000000     sf_runtime:sf_runtime.dll
 0000:00000000       .debug$S                   0000000180000000     sf_runtime:sf_runtime.dll
 0000:00000000       .debug$S                   0000000180000000     sf_runtime:sf_runtime.dll
 0000:00000000       .debug$S                   0000000180000000     sf_runtime:sf_runtime.dll
 0000:00000000       .debug$S                   0000000180000000     sf_runtime:sf_runtime.dll
 0000:00000000       .debug$S                   0000000180000000     sf_runtime:sf_runtime.dll
 0000:00000000       .debug$S                   0000000180000000     sf_runtime:sf_runtime.dll
 0000:00000000       .debug$S                   0000000180000000     sf_runtime:sf_runtime.dll
 0000:00000000       .debug$S                   0000000180000000     sf_runtime:sf_runtime.dll
 0000:00000000       .debug$S                   0000000180000000     sf_runtime:sf_runtime.dll
 0000:00000000       .debug$S                   0000000180000000     sf_runtime:sf_runtime.dll
 0000:00000000       .debug$S                   0000000180000000     sf_runtime:sf_runtime.dll
 0000:00000000       .debug$S                   0000000180000000     sf_runtime:sf_runtime.dll
 0000:00000000       .debug$S                   0000000180000000     sf_runtime:sf_runtime.dll
 0000:00000000       .debug$S                   0000000180000000     sf_runtime:sf_runtime.dll
 0000:00000000       .debug$S                   0000000180000000     sf_runtime:sf_runtime.dll
 0000:00000000       .debug$S                   0000000180000000     sf_runtime:sf_runtime.dll
 0000:00000000       .debug$S                   0000000180000000     sf_runtime:sf_runtime.dll
 0000:00000000       .debug$S                   0000000180000000     sf_runtime:sf_runtime.dll
 0000:00000000       .debug$S                   0000000180000000     sf_runtime:sf_runtime.dll
 0000:00000000       .debug$S                   0000000180000000     sf_runtime:sf_runtime.dll
 0000:00000000       .debug$S                   0000000180000000     sf_runtime:sf_runtime.dll
 0000:00000000       .debug$S                   0000000180000000     sf_runtime:sf_runtime.dll
 0000:00000000       .debug$S                   0000000180000000     sf_runtime:sf_runtime.dll
 0000:00000000       .debug$S                   0000000180000000     sf_runtime:sf_runtime.dll
 0000:00000000       .debug$S                   0000000180000000     sf_runtime:sf_runtime.dll
 0000:00000000       .debug$S                   0000000180000000     sf_runtime:sf_runtime.dll
 0000:00000000       .debug$S                   0000000180000000     sf_runtime:sf_runtime.dll
 0000:00000000       .debug$S                   0000000180000000     sf_runtime:sf_runtime.dll
 0000:00000000       .debug$S                   0000000180000000     sf_runtime:sf_runtime.dll
 0000:00000000       .debug$S                   0000000180000000     sf_runtime:sf_runtime.dll
 0000:00000000       .debug$S                   0000000180000000     sf_runtime:sf_runtime.dll
 0000:00000000       .debug$S                   0000000180000000     sf_runtime:sf_runtime.dll
 0000:00000000       .debug$S                   0000000180000000     sf_runtime:sf_runtime.dll
 0000:00000000       .debug$S                   0000000180000000     sf_runtime:sf_runtime.dll
 0000:00000000       .debug$S                   0000000180000000     libmx:libmx.dll
 0000:00000000       .debug$S                   0000000180000000     libmx:libmx.dll
 0000:00000000       .debug$S                   0000000180000000     libemlrt:libemlrt.dll
 0000:00000000       .debug$S                   0000000180000000     libmx:libmx.dll
 0000:00000000       .debug$S                   0000000180000000     libmwmathutil:libmwmathutil.dll
 0000:00000000       .debug$S                   0000000180000000     libmwmathutil:libmwmathutil.dll
 0000:00000000       .debug$S                   0000000180000000     libmwmathutil:libmwmathutil.dll
 0000:00000000       .debug$S                   0000000180000000     libmx:libmx.dll
 0000:00000000       .debug$S                   0000000180000000     libut:libut.dll
 0000:00000000       .debug$S                   0000000180000000     libut:libut.dll
 0000:00000000       .debug$S                   0000000180000000     libmx:libmx.dll
 0000:00000000       .debug$S                   0000000180000000     libmex:libmex.dll
 0000:00000000       .debug$S                   0000000180000000     libmex:libmex.dll
 0000:00000000       .debug$S                   0000000180000000     libmex:libmex.dll
 0000:00000000       .debug$S                   0000000180000000     libmex:libmex.dll
 0000:00000000       .debug$S                   0000000180000000     libmex:libmex.dll
 0000:00000000       .debug$S                   0000000180000000     libmex:libmex.dll
 0000:00000000       .debug$S                   0000000180000000     libmex:libmex.dll
 0000:00000000       .debug$S                   0000000180000000     libmx:libmx.dll
 0000:00000000       .debug$S                   0000000180000000     libmx:libmx.dll
 0000:00000000       .debug$S                   0000000180000000     libmx:libmx.dll
 0000:00000000       .debug$S                   0000000180000000     libmx:libmx.dll
 0000:00000000       .debug$S                   0000000180000000     libmx:libmx.dll
 0000:00000000       .debug$S                   0000000180000000     libmx:libmx.dll
 0000:00000000       .debug$S                   0000000180000000     libmx:libmx.dll
 0000:00000000       .debug$S                   0000000180000000     libmx:libmx.dll
 0000:00000000       .debug$S                   0000000180000000     libmx:libmx.dll
 0000:00000000       .debug$S                   0000000180000000     libmx:libmx.dll
 0000:00000000       .debug$S                   0000000180000000     libmx:libmx.dll
 0000:00000000       .debug$S                   0000000180000000     libmx:libmx.dll
 0000:00000000       .debug$S                   0000000180000000     libmx:libmx.dll
 0000:00000000       .debug$S                   0000000180000000     libmx:libmx.dll
 0000:00000000       .debug$S                   0000000180000000     libmx:libmx.dll
 0000:00000000       .debug$S                   0000000180000000     libmx:libmx.dll
 0001:000011c0       chart_debug_initialization 00000001800021c0 f   c2_hdlcoder_medianimagefilter.obj
 0001:00001960       chart_debug_initialize_data_addresses 0000000180002960 f   c2_hdlcoder_medianimagefilter.obj
 0001:00001aa0       initialize_c2_hdlcoder_medianimagefilter 0000000180002aa0 f   c2_hdlcoder_medianimagefilter.obj
 0001:00001b30       initialize_params_c2_hdlcoder_medianimagefilter 0000000180002b30 f   c2_hdlcoder_medianimagefilter.obj
 0001:00001b40       enable_c2_hdlcoder_medianimagefilter 0000000180002b40 f   c2_hdlcoder_medianimagefilter.obj
 0001:00001b70       disable_c2_hdlcoder_medianimagefilter 0000000180002b70 f   c2_hdlcoder_medianimagefilter.obj
 0001:00001ba0       c2_update_debugger_state_c2_hdlcoder_medianimagefilter 0000000180002ba0 f   c2_hdlcoder_medianimagefilter.obj
 0001:00001bb0       get_sim_state_c2_hdlcoder_medianimagefilter 0000000180002bb0 f   c2_hdlcoder_medianimagefilter.obj
 0001:00001d30       set_sim_state_c2_hdlcoder_medianimagefilter 0000000180002d30 f   c2_hdlcoder_medianimagefilter.obj
 0001:00001e70       finalize_c2_hdlcoder_medianimagefilter 0000000180002e70 f   c2_hdlcoder_medianimagefilter.obj
 0001:00001e80       sf_gateway_c2_hdlcoder_medianimagefilter 0000000180002e80 f   c2_hdlcoder_medianimagefilter.obj
 0001:000020c0       mdl_start_c2_hdlcoder_medianimagefilter 00000001800030c0 f   c2_hdlcoder_medianimagefilter.obj
 0001:000020f0       c2_chartstep_c2_hdlcoder_medianimagefilter 00000001800030f0 f   c2_hdlcoder_medianimagefilter.obj
 0001:000029f0       initSimStructsc2_hdlcoder_medianimagefilter 00000001800039f0 f   c2_hdlcoder_medianimagefilter.obj
 0001:00002a00       init_script_number_translation 0000000180003a00 f   c2_hdlcoder_medianimagefilter.obj
 0001:00002a20       c2_sf_marshallOut          0000000180003a20 f   c2_hdlcoder_medianimagefilter.obj
 0001:00002b80       c2_b_sf_marshallOut        0000000180003b80 f   c2_hdlcoder_medianimagefilter.obj
 0001:00002cf0       c2_sf_marshallIn           0000000180003cf0 f   c2_hdlcoder_medianimagefilter.obj
 0001:00002e40       c2_c_sf_marshallOut        0000000180003e40 f   c2_hdlcoder_medianimagefilter.obj
 0001:00002ef0       c2_emlrt_marshallIn        0000000180003ef0 f   c2_hdlcoder_medianimagefilter.obj
 0001:00002f80       c2_b_sf_marshallIn         0000000180003f80 f   c2_hdlcoder_medianimagefilter.obj
 0001:00003030       c2_imfilter                0000000180004030 f   c2_hdlcoder_medianimagefilter.obj
 0001:000036b0       c2_padImage                00000001800046b0 f   c2_hdlcoder_medianimagefilter.obj
 0001:00004240       c2_padarray                0000000180005240 f   c2_hdlcoder_medianimagefilter.obj
 0001:000048c0       c2_mod                     00000001800058c0 f   c2_hdlcoder_medianimagefilter.obj
 0001:00004ab0       c2_b_mod                   0000000180005ab0 f   c2_hdlcoder_medianimagefilter.obj
 0001:00004ca0       c2_b_padarray              0000000180005ca0 f   c2_hdlcoder_medianimagefilter.obj
 0001:00005330       c2_c_mod                   0000000180006330 f   c2_hdlcoder_medianimagefilter.obj
 0001:00005520       c2_d_mod                   0000000180006520 f   c2_hdlcoder_medianimagefilter.obj
 0001:00005710       c2_emlrt_marshallOut       0000000180006710 f   c2_hdlcoder_medianimagefilter.obj
 0001:000057a0       c2_b_emlrt_marshallOut     00000001800067a0 f   c2_hdlcoder_medianimagefilter.obj
 0001:00005830       c2_c_emlrt_marshallOut     0000000180006830 f   c2_hdlcoder_medianimagefilter.obj
 0001:000058b0       c2_b_emlrt_marshallIn      00000001800068b0 f   c2_hdlcoder_medianimagefilter.obj
 0001:00005920       c2_c_emlrt_marshallIn      0000000180006920 f   c2_hdlcoder_medianimagefilter.obj
[...]
 0004:00000300       $pdata$_ssSetRWorkValueFcn 000000018001c300     hdlcoder_medianimagefilter_sfun_registry.obj
 0004:0000030c       $pdata$_ssGetRWorkValueFcn 000000018001c30c     hdlcoder_medianimagefilter_sfun_registry.obj
 0004:00000318       $pdata$_ssSetIWorkValueFcn 000000018001c318     hdlcoder_medianimagefilter_sfun_registry.obj
 0004:00000324       $pdata$_ssGetIWorkValueFcn 000000018001c324     hdlcoder_medianimagefilter_sfun_registry.obj
 0004:00000330       $pdata$_ssSetPWorkValueFcn 000000018001c330     hdlcoder_medianimagefilter_sfun_registry.obj
 0004:0000033c       $pdata$_ssGetPWorkValueFcn 000000018001c33c     hdlcoder_medianimagefilter_sfun_registry.obj
 0004:00000348       $pdata$_ssGetInputPortSignalFcn 000000018001c348     hdlcoder_medianimagefilter_sfun_registry.obj
 0004:00000354       $pdata$_ssGetInputPortBufferDstPortFcn 000000018001c354     hdlcoder_medianimagefilter_sfun_registry.obj
 0004:00000360       $pdata$_ssGetInputPortSignalPtrsFcn 000000018001c360     hdlcoder_medianimagefilter_sfun_registry.obj
 0004:0000036c       $pdata$ssGetParameterTuningCompliance 000000018001c36c     hdlcoder_medianimagefilter_sfun_registry.obj
 0004:00000378       $pdata$ssGetDTypeIdFromMxArray 000000018001c378     hdlcoder_medianimagefilter_sfun_registry.obj
 0004:00000384       $pdata$ssWriteRTWMx2dMatParam 000000018001c384     hdlcoder_medianimagefilter_sfun_registry.obj
 0004:00000390       $pdata$ssWriteRTWMxVectParam 000000018001c390     hdlcoder_medianimagefilter_sfun_registry.obj
 0004:0000039c       $pdata$ssWriteRTWParameters 000000018001c39c     hdlcoder_medianimagefilter_sfun_registry.obj
 0004:000003a8       $pdata$ssWriteRTWParamSettings 000000018001c3a8     hdlcoder_medianimagefilter_sfun_registry.obj
 0004:000003b4       $pdata$ssWriteRTWStr       000000018001c3b4     hdlcoder_medianimagefilter_sfun_registry.obj
 0004:000003c0       $pdata$ssWriteRTWWorkVect  000000018001c3c0     hdlcoder_medianimagefilter_sfun_registry.obj
 0004:000003cc       $pdata$ssWarning           000000018001c3cc     hdlcoder_medianimagefilter_sfun_registry.obj
 0004:000003d8       $pdata$_ssSetInputPortReusableFcn 000000018001c3d8     hdlcoder_medianimagefilter_sfun_registry.obj
 0004:000003e4       $pdata$_ssSetOutputPortReusableFcn 000000018001c3e4     hdlcoder_medianimagefilter_sfun_registry.obj
 0004:000003f0       $pdata$_ssSetSymbolicDimsSupport 000000018001c3f0     hdlcoder_medianimagefilter_sfun_registry.obj
 0004:000003fc       $pdata$_ssRegisterSymbolicDimsExpr 000000018001c3fc     hdlcoder_medianimagefilter_sfun_registry.obj
 0004:00000408       $pdata$_ssRegisterSymbolicDims 000000018001c408     hdlcoder_medianimagefilter_sfun_registry.obj
 0004:00000414       $pdata$_ssRegisterSymbolicDimsString 000000018001c414     hdlcoder_medianimagefilter_sfun_registry.obj
 0004:00000420       $pdata$_ssRegisterSymbolicDimsIntValue 000000018001c420     hdlcoder_medianimagefilter_sfun_registry.obj
 0004:0000042c       $pdata$_ssRegisterSymbolicDimsPlus 000000018001c42c     hdlcoder_medianimagefilter_sfun_registry.obj
 0004:00000438       $pdata$_ssRegisterSymbolicDimsMinus 000000018001c438     hdlcoder_medianimagefilter_sfun_registry.obj
 0004:00000444       $pdata$_ssRegisterSymbolicDimsMultiply 000000018001c444     hdlcoder_medianimagefilter_sfun_registry.obj
 0004:00000450       $pdata$_ssRegisterSymbolicDimsDivide 000000018001c450     hdlcoder_medianimagefilter_sfun_registry.obj
 0004:0000045c       $pdata$_ssGetNumSymbolicDims 000000018001c45c     hdlcoder_medianimagefilter_sfun_registry.obj
 0004:00000468       $pdata$_ssGetSymbolicDim   000000018001c468     hdlcoder_medianimagefilter_sfun_registry.obj
 0004:00000474       $pdata$_ssSetInputPortSymbolicDimsId 000000018001c474     hdlcoder_medianimagefilter_sfun_registry.obj
 0004:00000480       $pdata$_ssGetCompInputPortSymbolicDimsId 000000018001c480     hdlcoder_medianimagefilter_sfun_registry.obj
 0004:0000048c       $pdata$_ssSetCompInputPortSymbolicDimsId 000000018001c48c     hdlcoder_medianimagefilter_sfun_registry.obj
 0004:00000498       $pdata$_ssSetOutputPortSymbolicDimsId 000000018001c498     hdlcoder_medianimagefilter_sfun_registry.obj
 0004:000004a4       $pdata$_ssGetCompOutputPortSymbolicDimsId 000000018001c4a4     hdlcoder_medianimagefilter_sfun_registry.obj
 0004:000004b0       $pdata$_ssSetCompOutputPortSymbolicDimsId 000000018001c4b0     hdlcoder_medianimagefilter_sfun_registry.obj
 0004:000004bc       $pdata$_ssSetCompDWorkSymbolicDimsId 000000018001c4bc     hdlcoder_medianimagefilter_sfun_registry.obj
 0004:000004c8       $pdata$ssGetIsZeroCrossControlDisabled 000000018001c4c8     hdlcoder_medianimagefilter_sfun_registry.obj
 0004:000004d4       $pdata$ssSetIsInputPortUsedForContZcSignal 000000018001c4d4     hdlcoder_medianimagefilter_sfun_registry.obj
 0004:000004e0       $pdata$ssSetZcSignalIsZcElementDisc 000000018001c4e0     hdlcoder_medianimagefilter_sfun_registry.obj
 0004:000004ec       $pdata$ssSetZcSignalName   000000018001c4ec     hdlcoder_medianimagefilter_sfun_registry.obj
 0004:000004f8       $pdata$ssSetZcSignalWidth  000000018001c4f8     hdlcoder_medianimagefilter_sfun_registry.obj
 0004:00000504       $pdata$ssSetZcSignalZcEventType 000000018001c504     hdlcoder_medianimagefilter_sfun_registry.obj
 0004:00000510       $pdata$ssSetZcSignalType   000000018001c510     hdlcoder_medianimagefilter_sfun_registry.obj
 0004:0000051c       $pdata$ssSetZcSignalZcTol  000000018001c51c     hdlcoder_medianimagefilter_sfun_registry.obj
 0004:00000528       $pdata$ssSetZcSignalNeedsEventNotification 000000018001c528     hdlcoder_medianimagefilter_sfun_registry.obj
 0004:00000534       $pdata$ssCreateAndAddZcSignalInfo 000000018001c534     hdlcoder_medianimagefilter_sfun_registry.obj
 0004:00000540       $pdata$ssCloneAndAddZcSignalInfo 000000018001c540     hdlcoder_medianimagefilter_sfun_registry.obj
 0004:0000054c       $pdata$ssGetNumZcSignals   000000018001c54c     hdlcoder_medianimagefilter_sfun_registry.obj
 0004:00000558       $pdata$ssGetZcSignalVector 000000018001c558     hdlcoder_medianimagefilter_sfun_registry.obj
 0004:00000564       $pdata$ssGetZcSignalName   000000018001c564     hdlcoder_medianimagefilter_sfun_registry.obj
 0004:00000570       $pdata$ssGetZcSignalWidth  000000018001c570     hdlcoder_medianimagefilter_sfun_registry.obj
 0004:0000057c       $pdata$ssGetZcSignalZcEventType 000000018001c57c     hdlcoder_medianimagefilter_sfun_registry.obj
 0004:00000588       $pdata$ssGetZcSignalZcEvents 000000018001c588     hdlcoder_medianimagefilter_sfun_registry.obj
 0004:00000594       $pdata$ssGetZcSignalType   000000018001c594     hdlcoder_medianimagefilter_sfun_registry.obj
 0004:000005a0       $pdata$ssGetZcSignalZcTol  000000018001c5a0     hdlcoder_medianimagefilter_sfun_registry.obj
 0004:000005ac       $pdata$ssGetZcSignalNeedsEventNotification 000000018001c5ac     hdlcoder_medianimagefilter_sfun_registry.obj
 0004:000005b8       $pdata$ssGetZcSignalIsZcElementDisc 000000018001c5b8     hdlcoder_medianimagefilter_sfun_registry.obj
 0004:000005c4       $pdata$ssGetIsInputPortElementContinuous 000000018001c5c4     hdlcoder_medianimagefilter_sfun_registry.obj
 0004:000005d0       $pdata$ssWriteRTWNameValuePair 000000018001c5d0     hdlcoder_medianimagefilter_sfun_registry.obj
 0004:000005dc       $pdata$_ssSetInputPortMatrixDimensions 000000018001c5dc     hdlcoder_medianimagefilter_sfun_registry.obj
 0004:000005e8       $pdata$_ssSetOutputPortMatrixDimensions 000000018001c5e8     hdlcoder_medianimagefilter_sfun_registry.obj
 0004:000005f4       $pdata$_ssSetInputPortVectorDimension 000000018001c5f4     hdlcoder_medianimagefilter_sfun_registry.obj
 0004:00000600       $pdata$_ssSetOutputPortVectorDimension 000000018001c600     hdlcoder_medianimagefilter_sfun_registry.obj
 0004:0000060c       $pdata$ssIsRunTimeParamTunable 000000018001c60c     hdlcoder_medianimagefilter_sfun_registry.obj
 0004:00000618       $pdata$ssGetSFuncBlockHandle 000000018001c618     hdlcoder_medianimagefilter_sfun_registry.obj
 0004:00000624       $pdata$_ssGetCurrentInputPortWidth 000000018001c624     hdlcoder_medianimagefilter_sfun_registry.obj
 0004:00000630       $pdata$_ssGetCurrentOutputPortWidth 000000018001c630     hdlcoder_medianimagefilter_sfun_registry.obj
 0004:0000063c       $pdata$_ssGetCallSystemNumFcnCallDestinations 000000018001c63c     hdlcoder_medianimagefilter_sfun_registry.obj
 0004:00000648       $pdata$_ssGetAbsTol        000000018001c648     hdlcoder_medianimagefilter_sfun_registry.obj
 0004:00000654       $pdata$sf_process_check_sum_call 000000018001c654     hdlcoder_medianimagefilter_sfun_registry.obj
 0004:00000660       $pdata$sf_process_autoinheritance_call 000000018001c660     hdlcoder_medianimagefilter_sfun_registry.obj
 0004:0000066c       $pdata$sf_process_get_third_party_uses_info_call 000000018001c66c     hdlcoder_medianimagefilter_sfun_registry.obj
 0004:00000678       $pdata$sf_process_get_jit_fallback_info_call 000000018001c678     hdlcoder_medianimagefilter_sfun_registry.obj
 0004:00000684       $pdata$sf_process_get_updateBuildInfo_args_info_call 000000018001c684     hdlcoder_medianimagefilter_sfun_registry.obj
 0004:00000690       $pdata$sf_process_get_eml_resolved_functions_info_call 000000018001c690     hdlcoder_medianimagefilter_sfun_registry.obj
 0004:0000069c       $pdata$sf_mex_unlock_call  000000018001c69c     hdlcoder_medianimagefilter_sfun_registry.obj
 0004:000006a8       $pdata$sf_debug_api_wrapper 000000018001c6a8     hdlcoder_medianimagefilter_sfun_registry.obj
 0004:000006b4       $pdata$ProcessMexSfunctionCmdLineCall 000000018001c6b4     hdlcoder_medianimagefilter_sfun_registry.obj
 0004:000006c0       $pdata$sf_machine_global_initializer_called 000000018001c6c0     hdlcoder_medianimagefilter_sfun_registry.obj
 0004:000006cc       $pdata$sf_machine_global_method_dispatcher 000000018001c6cc     hdlcoder_medianimagefilter_sfun_registry.obj
 0004:000006d8       $pdata$sf_machine_global_terminator 000000018001c6d8     hdlcoder_medianimagefilter_sfun_registry.obj
 0004:000006e4       $pdata$sf_register_machine_exported_symbols 000000018001c6e4     hdlcoder_medianimagefilter_sfun_registry.obj
 0004:000006f0       $pdata$sf_machine_global_initializer 000000018001c6f0     hdlcoder_medianimagefilter_sfun_registry.obj
 0004:000006fc       $pdata$mdlGetSimState      000000018001c6fc     hdlcoder_medianimagefilter_sfun_registry.obj
 0004:00000708       $pdata$mdlSetSimState      000000018001c708     hdlcoder_medianimagefilter_sfun_registry.obj
 0004:00000714       $pdata$mdlSetWorkWidths    000000018001c714     hdlcoder_medianimagefilter_sfun_registry.obj
 0004:00000720       $pdata$mdlProcessParameters 000000018001c720     hdlcoder_medianimagefilter_sfun_registry.obj
 0004:0000072c       $pdata$mdl_start_processing 000000018001c72c     hdlcoder_medianimagefilter_sfun_registry.obj
 0004:00000738       $pdata$mdl_terminate_processing 000000018001c738     hdlcoder_medianimagefilter_sfun_registry.obj
 0004:00000744       $pdata$mdlStart            000000018001c744     hdlcoder_medianimagefilter_sfun_registry.obj
 0004:00000750       $pdata$mdlTerminate        000000018001c750     hdlcoder_medianimagefilter_sfun_registry.obj
 0004:0000075c       $pdata$mdlInitializeSizes  000000018001c75c     hdlcoder_medianimagefilter_sfun_registry.obj
 0004:00000768       $pdata$mdlInitializeSampleTimes 000000018001c768     hdlcoder_medianimagefilter_sfun_registry.obj
 0004:00000774       $pdata$mdl_outputs_continuous_legacy 000000018001c774     hdlcoder_medianimagefilter_sfun_registry.obj
 0004:00000780       $pdata$mdl_outputs_processing 000000018001c780     hdlcoder_medianimagefilter_sfun_registry.obj
 0004:0000078c       $pdata$mdl_zeroCrossings_processing 000000018001c78c     hdlcoder_medianimagefilter_sfun_registry.obj
 0004:00000798       $pdata$mdlZeroCrossings    000000018001c798     hdlcoder_medianimagefilter_sfun_registry.obj
 0004:000007a4       $pdata$mdl_derivatives_processing 000000018001c7a4     hdlcoder_medianimagefilter_sfun_registry.obj
 0004:000007b0       $pdata$mdlDerivatives      000000018001c7b0     hdlcoder_medianimagefilter_sfun_registry.obj
 0004:000007bc       $pdata$mdl_initialize_conditions_processing 000000018001c7bc     hdlcoder_medianimagefilter_sfun_registry.obj
 0004:000007c8       $pdata$mdlInitializeConditions 000000018001c7c8     hdlcoder_medianimagefilter_sfun_registry.obj
 0004:000007d4       $pdata$mdl_ext_mode_exec_processing 000000018001c7d4     hdlcoder_medianimagefilter_sfun_registry.obj
 0004:000007e0       $pdata$mdlExtModeExec      000000018001c7e0     hdlcoder_medianimagefilter_sfun_registry.obj
 0004:000007ec       $pdata$mdlRTW              000000018001c7ec     hdlcoder_medianimagefilter_sfun_registry.obj
 0004:000007f8       $pdata$mdl_enable_processing 000000018001c7f8     hdlcoder_medianimagefilter_sfun_registry.obj
 0004:00000804       $pdata$mdlEnable           000000018001c804     hdlcoder_medianimagefilter_sfun_registry.obj
 0004:00000810       $pdata$mdl_disable_processing 000000018001c810     hdlcoder_medianimagefilter_sfun_registry.obj
 0004:0000081c       $pdata$mdlDisable          000000018001c81c     hdlcoder_medianimagefilter_sfun_registry.obj
 0004:00000828       $pdata$mdlOutputs          000000018001c828     hdlcoder_medianimagefilter_sfun_registry.obj
 0004:00000834       $pdata$mdl_update_processing 000000018001c834     hdlcoder_medianimagefilter_sfun_registry.obj
 0004:00000840       $pdata$mdlUpdate           000000018001c840     hdlcoder_medianimagefilter_sfun_registry.obj
 0004:0000084c       $pdata$ProcessMexSfunctionEveryCall 000000018001c84c     hdlcoder_medianimagefilter_sfun_registry.obj
 0004:00000858       $pdata$_RegNumInputPortsCB 000000018001c858     hdlcoder_medianimagefilter_sfun_registry.obj
 0004:00000864       $pdata$_RegNumOutputPortsCB 000000018001c864     hdlcoder_medianimagefilter_sfun_registry.obj
 0004:00000870       $pdata$_CreateSimStruct    000000018001c870     hdlcoder_medianimagefilter_sfun_registry.obj
 0004:0000087c       $pdata$_ProcessMexSfunctionCmdLineCall 000000018001c87c     hdlcoder_medianimagefilter_sfun_registry.obj
 0004:00000888       $pdata$ReportIndexOutOfBoundsError 000000018001c888     hdlcoder_medianimagefilter_sfun_registry.obj
 0004:00000894       $pdata$_vsnprintf_l        000000018001c894     hdlcoder_medianimagefilter_sfun_registry.obj
 0004:000008a0       $pdata$_vsprintf_l         000000018001c8a0     hdlcoder_medianimagefilter_sfun_registry.obj
 0004:000008ac       $pdata$sprintf             000000018001c8ac     hdlcoder_medianimagefilter_sfun_registry.obj
 0004:000008b8       $pdata$__raise_securityfailure 000000018001c8b8     MSVCRT:gs_report.obj
 0004:000008c4       $pdata$__report_gsfailure  000000018001c8c4     MSVCRT:gs_report.obj
 0004:000008d0       $pdata$__report_rangecheckfailure 000000018001c8d0     MSVCRT:gs_report.obj
 0004:000008dc       $pdata$__report_securityfailure 000000018001c8dc     MSVCRT:gs_report.obj
 0004:000008e8       $pdata$__report_securityfailureEx 000000018001c8e8     MSVCRT:gs_report.obj
 0004:000008f4       $pdata$capture_current_context 000000018001c8f4     MSVCRT:gs_report.obj
 0004:00000900       $pdata$capture_previous_context 000000018001c900     MSVCRT:gs_report.obj
 0004:0000090c       $pdata$__GSHandlerCheck    000000018001c90c     MSVCRT:_gshandler_.obj
 0004:00000918       $pdata$__GSHandlerCheckCommon 000000018001c918     MSVCRT:_gshandler_.obj
 0004:0000093c       $pdata$?dllmain_crt_dispatch@@YAHQEAUHINSTANCE__@@KQEAX@Z 000000018001c93c     MSVCRT:dll_dllmain.obj
 0004:00000948       $pdata$?dllmain_crt_process_attach@@YAHQEAUHINSTANCE__@@QEAX@Z 000000018001c948     MSVCRT:dll_dllmain.obj
 0004:00000954       $pdata$?dllmain_crt_process_detach@@YAH_N@Z 000000018001c954     MSVCRT:dll_dllmain.obj
 0004:00000960       $pdata$?dllmain_dispatch@@YAHQEAUHINSTANCE__@@KQEAX@Z 000000018001c960     MSVCRT:dll_dllmain.obj
 0004:0000096c       $pdata$?dllmain_raw@@YAHQEAUHINSTANCE__@@KQEAX@Z 000000018001c96c     MSVCRT:dll_dllmain.obj
 0004:00000978       $pdata$_DllMainCRTStartup  000000018001c978     MSVCRT:dll_dllmain.obj
 0004:00000984       $pdata$?configure_argv@__scrt_narrow_argv_policy@@SAHXZ 000000018001c984     MSVCRT:utility.obj
 0004:00000990       $pdata$__scrt_acquire_startup_lock 000000018001c990     MSVCRT:utility.obj
 0004:0000099c       $pdata$__scrt_dllmain_after_initialize_c 000000018001c99c     MSVCRT:utility.obj
 0004:000009a8       $pdata$__scrt_dllmain_before_initialize_c 000000018001c9a8     MSVCRT:utility.obj
 0004:000009b4       $pdata$__scrt_dllmain_crt_thread_attach 000000018001c9b4     MSVCRT:utility.obj
 0004:000009c0       $pdata$__scrt_dllmain_crt_thread_detach 000000018001c9c0     MSVCRT:utility.obj
 0004:000009cc       $pdata$__scrt_dllmain_exception_filter 000000018001c9cc     MSVCRT:utility.obj
 0004:000009d8       $pdata$__scrt_dllmain_uninitialize_c 000000018001c9d8     MSVCRT:utility.obj
 0004:000009e4       $pdata$__scrt_dllmain_uninitialize_critical 000000018001c9e4     MSVCRT:utility.obj
 0004:000009f0       $pdata$__scrt_initialize_crt 000000018001c9f0     MSVCRT:utility.obj
 0004:000009fc       $pdata$__scrt_initialize_onexit_tables 000000018001c9fc     MSVCRT:utility.obj
 0004:00000a08       $pdata$__scrt_is_nonwritable_in_current_image 000000018001ca08     MSVCRT:utility.obj
 0004:00000a14       $pdata$__scrt_release_startup_lock 000000018001ca14     MSVCRT:utility.obj
 0004:00000a20       $pdata$__scrt_uninitialize_crt 000000018001ca20     MSVCRT:utility.obj
 0004:00000a2c       $pdata$_onexit             000000018001ca2c     MSVCRT:utility.obj
 0004:00000a38       $pdata$atexit              000000018001ca38     MSVCRT:utility.obj
 0004:00000a44       $pdata$__security_init_cookie 000000018001ca44     MSVCRT:gs_support.obj
 0004:00000a50       $pdata$DllMain             000000018001ca50     MSVCRT:dll_dllmain_stub.obj
 0004:00000a5c       $pdata$__scrt_initialize_default_local_stdio_options 000000018001ca5c     MSVCRT:default_local_stdio_options.obj
 0004:00000a68       $pdata$__scrt_fastfail     000000018001ca68     MSVCRT:utility_desktop.obj
 0004:00000a74       $pdata$__scrt_get_show_window_mode 000000018001ca74     MSVCRT:utility_desktop.obj
 0004:00000a80       $pdata$__scrt_is_managed_app 000000018001ca80     MSVCRT:utility_desktop.obj
 0004:00000a8c       $pdata$__scrt_unhandled_exception_filter 000000018001ca8c     MSVCRT:utility_desktop.obj
 0004:00000a98       $pdata$_RTC_Initialize     000000018001ca98     MSVCRT:_initsect_.obj
 0004:00000aa4       $pdata$_RTC_Terminate      000000018001caa4     MSVCRT:_initsect_.obj
 0004:00000ab0       $pdata$__isa_available_init 000000018001cab0     MSVCRT:_cpu_disp_.obj
 0004:00000ac8       $pdata$?fin$0@?0??dllmain_crt_process_attach@@YAHQEAUHINSTANCE__@@QEAX@Z@4HA 000000018001cac8     MSVCRT:dll_dllmain.obj
 0004:00000ad4       $pdata$?fin$0@?0??dllmain_crt_process_detach@@YAH_N@Z@4HA 000000018001cad4     MSVCRT:dll_dllmain.obj
 0004:00000ae0       $pdata$?filt$0@?0??dllmain_dispatch@@YAHQEAUHINSTANCE__@@KQEAX@Z@4HA 000000018001cae0     MSVCRT:dll_dllmain.obj
 0004:00000aec       $pdata$__scrt_is_nonwritable_in_current_image$filt$0 000000018001caec     MSVCRT:utility.obj
 0005:00000000       __guard_fids_?dllmain_crt_process_attach@@YAHQEAUHINSTANCE__@@QEAX@Z 000000018001d000     MSVCRT:dll_dllmain.obj
 0005:00000008       __guard_fids_?dllmain_dispatch@@YAHQEAUHINSTANCE__@@KQEAX@Z 000000018001d008     MSVCRT:dll_dllmain.obj
 0005:0000000c       __guard_fids___scrt_set_unhandled_exception_filter 000000018001d00c     MSVCRT:utility_desktop.obj
 0005:00000010       __guard_fids__             000000018001d010     MSVCRT:guard_support.obj
 0005:00000014       __guard_fids__guard_icall_checks_enforced 000000018001d014     MSVCRT:guard_support.obj
